Linux version 4.15.0-20-generic (buildd@lgw01-amd64-039) (gcc version 7.3.0 (Ubuntu 7.3.0-16ubuntu3)) #21-Ubuntu SMP Tue Apr 24 06:16:15 UTC 2018 (Ubuntu 4.15.0-20.21-generic 4.15.17)
Command line: BOOT_IMAGE=/boot/vmlinuz-4.15.0-20-generic root=UUID=cc4deca8-129e-476b-b683-9ac2fd6aad46 ro quiet splash vt.handoff=1
KERNEL supported cpus:
  Intel GenuineIntel
  AMD AuthenticAMD
  Centaur CentaurHauls
x86/fpu: Supporting XSAVE feature 0x001: 'x87 floating point registers'
x86/fpu: Supporting XSAVE feature 0x002: 'SSE registers'
x86/fpu: Supporting XSAVE feature 0x004: 'AVX registers'
x86/fpu: xstate_offset[2]:  576, xstate_sizes[2]:  256
x86/fpu: Enabled xstate features 0x7, context size is 832 bytes, using 'standard' format.
e820: BIOS-provided physical RAM map:
BIOS-e820: [mem 0x0000000000000000-0x000000000008efff] usable
BIOS-e820: [mem 0x000000000008f000-0x000000000008ffff] ACPI NVS
BIOS-e820: [mem 0x0000000000090000-0x000000000009ffff] usable
BIOS-e820: [mem 0x00000000000a0000-0x00000000000fffff] reserved
BIOS-e820: [mem 0x0000000000100000-0x000000007e11cfff] usable
BIOS-e820: [mem 0x000000007e11d000-0x000000007e49afff] ACPI NVS
BIOS-e820: [mem 0x000000007e49b000-0x000000007e4acfff] usable
BIOS-e820: [mem 0x000000007e4ad000-0x000000007e4aefff] ACPI NVS
BIOS-e820: [mem 0x000000007e4af000-0x000000007e51afff] usable
BIOS-e820: [mem 0x000000007e51b000-0x000000007e58efff] ACPI data
BIOS-e820: [mem 0x000000007e58f000-0x000000007e638fff] usable
BIOS-e820: [mem 0x000000007e639000-0x000000007e68efff] reserved
BIOS-e820: [mem 0x000000007e68f000-0x000000007e6cefff] usable
BIOS-e820: [mem 0x000000007e6cf000-0x000000007e6fefff] type 20
BIOS-e820: [mem 0x000000007e6ff000-0x000000007e7d0fff] usable
BIOS-e820: [mem 0x000000007e7d1000-0x000000007e7e6fff] reserved
BIOS-e820: [mem 0x000000007e7e7000-0x000000007e7fffff] usable
BIOS-e820: [mem 0x000000007e800000-0x000000007fffffff] reserved
BIOS-e820: [mem 0x00000000e0000000-0x00000000efffffff] reserved
BIOS-e820: [mem 0x00000000fed1c000-0x00000000fed1ffff] reserved
BIOS-e820: [mem 0x00000000ffda0000-0x00000000ffdcffff] reserved
BIOS-e820: [mem 0x0000000100000000-0x000000087fffffff] usable
NX (Execute Disable) protection: active
efi: EFI v1.10 by Apple
efi:  ACPI 2.0=0x7e58e014  ACPI=0x7e58e000  SMBIOS=0x7e4ae000 
secureboot: Secure boot could not be determined (mode 0)
random: fast init done
SMBIOS 2.4 present.
DMI: Apple Inc. MacPro6,1/Mac-F60DEB81FF30ACF6, BIOS MP61.88Z.0124.B00.1804111223 04/11/2018
e820: update [mem 0x00000000-0x00000fff] usable ==> reserved
e820: remove [mem 0x000a0000-0x000fffff] usable
e820: last_pfn = 0x880000 max_arch_pfn = 0x400000000
MTRR default type: write-back
MTRR fixed ranges enabled:
  00000-9FFFF write-back
  A0000-BFFFF uncachable
  C0000-DFFFF write-protect
  E0000-FFFFF uncachable
MTRR variable ranges enabled:
  0 base 000080000000 mask 3FFF80000000 uncachable
  1 base 00007F000000 mask 3FFFFF000000 uncachable
  2 disabled
  3 disabled
  4 disabled
  5 disabled
  6 disabled
  7 disabled
  8 disabled
  9 disabled
x86/PAT: Configuration [0-7]: WB  WC  UC- UC  WB  WP  UC- WT  
e820: last_pfn = 0x7e800 max_arch_pfn = 0x400000000
Scanning 1 areas for low memory corruption
Base memory trampoline at [        (ptrval)] 99000 size 24576
Using GB pages for direct mapping
BRK [0x76893e000, 0x76893efff] PGTABLE
BRK [0x76893f000, 0x76893ffff] PGTABLE
BRK [0x768940000, 0x768940fff] PGTABLE
BRK [0x768941000, 0x768941fff] PGTABLE
BRK [0x768942000, 0x768942fff] PGTABLE
BRK [0x768943000, 0x768943fff] PGTABLE
BRK [0x768944000, 0x768944fff] PGTABLE
BRK [0x768945000, 0x768945fff] PGTABLE
RAMDISK: [mem 0x311c7000-0x348dafff]
ACPI: Early table checksum verification disabled
ACPI: RSDP 0x000000007E58E014 000024 (v02 APPLE )
ACPI: XSDT 0x000000007E58E1C0 00008C (v01 APPLE  Apple00  00000000      01000013)
ACPI: FACP 0x000000007E58D000 0000F4 (v04 APPLE  Apple00  00000000 Loki 0000005F)
ACPI: DSDT 0x000000007E583000 0063B8 (v01 APPLE  Apple00  00060001 Loki 0000005F)
ACPI: FACS 0x000000007E14F000 000040
ACPI: FACS 0x000000007E14F000 000040
ACPI: HPET 0x000000007E58C000 000038 (v01 APPLE  Apple00  00000001 Loki 0000005F)
ACPI: APIC 0x000000007E58B000 0001A8 (v02 APPLE  Apple00  00000000 Loki 0000005F)
ACPI: MCFG 0x000000007E58A000 00003C (v01 APPLE  Apple00  00000001 Loki 0000005F)
ACPI: SSDT 0x000000007E582000 00010B (v01 SataRe SataAhci 00001000 INTL 20100915)
ACPI: SSDT 0x000000007E581000 000024 (v01 Apple  SmcDppt  00001000 INTL 20100915)
ACPI: SSDT 0x000000007E57E000 000396 (v01 Apple  UsbFl110 00001000 INTL 20100915)
ACPI: SSDT 0x000000007E57D000 0003AF (v01 Apple  UsbRmh   00001000 INTL 20100915)
ACPI: SSDT 0x000000007E574000 0075B6 (v01 Apple  TbtPEG10 00001000 INTL 20100915)
ACPI: SSDT 0x000000007E56B000 0000B8 (v01 INTEL  Sdxc     00001000 INTL 20100915)
ACPI: SSDT 0x000000007E53D000 02D9D3 (v01 PmRef  CpuPm    00003000 INTL 20100915)
ACPI: DMAR 0x000000007E53C000 000088 (v01 APPLE  Apple00  00000001 Loki 0000005F)
ACPI: VFCT 0x000000007E51B000 0200A0 (v01 APPLE  Apple00  00000001 AMD  31504F47)
ACPI: DMI detected to setup _OSI("Darwin"): Apple hardware
ACPI: Local APIC address 0xfee00000
No NUMA configuration found
Faking a node at [mem 0x0000000000000000-0x000000087fffffff]
NODE_DATA(0) allocated [mem 0x87ffd5000-0x87fffffff]
tsc: Fast TSC calibration using PIT
Zone ranges:
  DMA      [mem 0x0000000000001000-0x0000000000ffffff]
  DMA32    [mem 0x0000000001000000-0x00000000ffffffff]
  Normal   [mem 0x0000000100000000-0x000000087fffffff]
  Device   empty
Movable zone start for each node
Early memory node ranges
  node   0: [mem 0x0000000000001000-0x000000000008efff]
  node   0: [mem 0x0000000000090000-0x000000000009ffff]
  node   0: [mem 0x0000000000100000-0x000000007e11cfff]
  node   0: [mem 0x000000007e49b000-0x000000007e4acfff]
  node   0: [mem 0x000000007e4af000-0x000000007e51afff]
  node   0: [mem 0x000000007e58f000-0x000000007e638fff]
  node   0: [mem 0x000000007e68f000-0x000000007e6cefff]
  node   0: [mem 0x000000007e6ff000-0x000000007e7d0fff]
  node   0: [mem 0x000000007e7e7000-0x000000007e7fffff]
  node   0: [mem 0x0000000100000000-0x000000087fffffff]
Initmem setup node 0 [mem 0x0000000000001000-0x000000087fffffff]
On node 0 totalpages: 8381198
  DMA zone: 64 pages used for memmap
  DMA zone: 25 pages reserved
  DMA zone: 3998 pages, LIFO batch:0
  DMA32 zone: 8014 pages used for memmap
  DMA32 zone: 512880 pages, LIFO batch:31
  Normal zone: 122880 pages used for memmap
  Normal zone: 7864320 pages, LIFO batch:31
Reserved but unavailable: 97 pages
ACPI: PM-Timer IO Port: 0x408
ACPI: Local APIC address 0xfee00000
ACPI: LAPIC_NMI (acpi_id[0x00] high level lint[0x1])
ACPI: LAPIC_NMI (acpi_id[0x01] high level lint[0x1])
ACPI: LAPIC_NMI (acpi_id[0x02] high level lint[0x1])
ACPI: LAPIC_NMI (acpi_id[0x03] high level lint[0x1])
ACPI: LAPIC_NMI (acpi_id[0x04] high level lint[0x1])
ACPI: LAPIC_NMI (acpi_id[0x05] high level lint[0x1])
ACPI: LAPIC_NMI (acpi_id[0x06] high level lint[0x1])
ACPI: LAPIC_NMI (acpi_id[0x07] high level lint[0x1])
ACPI: LAPIC_NMI (acpi_id[0x08] high level lint[0x1])
ACPI: LAPIC_NMI (acpi_id[0x09] high level lint[0x1])
ACPI: LAPIC_NMI (acpi_id[0x0a] high level lint[0x1])
ACPI: LAPIC_NMI (acpi_id[0x0b] high level lint[0x1])
ACPI: LAPIC_NMI (acpi_id[0x0c] high level lint[0x1])
ACPI: LAPIC_NMI (acpi_id[0x0d] high level lint[0x1])
ACPI: LAPIC_NMI (acpi_id[0x0e] high level lint[0x1])
ACPI: LAPIC_NMI (acpi_id[0x0f] high level lint[0x1])
ACPI: LAPIC_NMI (acpi_id[0x10] high level lint[0x1])
ACPI: LAPIC_NMI (acpi_id[0x11] high level lint[0x1])
ACPI: LAPIC_NMI (acpi_id[0x12] high level lint[0x1])
ACPI: LAPIC_NMI (acpi_id[0x13] high level lint[0x1])
ACPI: LAPIC_NMI (acpi_id[0x14] high level lint[0x1])
ACPI: LAPIC_NMI (acpi_id[0x15] high level lint[0x1])
ACPI: LAPIC_NMI (acpi_id[0x16] high level lint[0x1])
ACPI: LAPIC_NMI (acpi_id[0x17] high level lint[0x1])
IOAPIC[0]: apic_id 8, version 32, address 0xfec00000, GSI 0-23
IOAPIC[1]: apic_id 9, version 32, address 0xfec01000, GSI 24-47
ACPI: INT_SRC_OVR (bus 0 bus_irq 0 global_irq 2 dfl dfl)
ACPI: INT_SRC_OVR (bus 0 bus_irq 9 global_irq 9 high level)
ACPI: IRQ0 used by override.
ACPI: IRQ9 used by override.
Using ACPI (MADT) for SMP configuration information
ACPI: HPET id: 0x8086a301 base: 0xfed00000
smpboot: Allowing 24 CPUs, 0 hotplug CPUs
PM: Registered nosave memory: [mem 0x00000000-0x00000fff]
PM: Registered nosave memory: [mem 0x0008f000-0x0008ffff]
PM: Registered nosave memory: [mem 0x000a0000-0x000fffff]
PM: Registered nosave memory: [mem 0x7e11d000-0x7e49afff]
PM: Registered nosave memory: [mem 0x7e4ad000-0x7e4aefff]
PM: Registered nosave memory: [mem 0x7e51b000-0x7e58efff]
PM: Registered nosave memory: [mem 0x7e639000-0x7e68efff]
PM: Registered nosave memory: [mem 0x7e6cf000-0x7e6fefff]
PM: Registered nosave memory: [mem 0x7e7d1000-0x7e7e6fff]
PM: Registered nosave memory: [mem 0x7e800000-0x7fffffff]
PM: Registered nosave memory: [mem 0x80000000-0xdfffffff]
PM: Registered nosave memory: [mem 0xe0000000-0xefffffff]
PM: Registered nosave memory: [mem 0xf0000000-0xfed1bfff]
PM: Registered nosave memory: [mem 0xfed1c000-0xfed1ffff]
PM: Registered nosave memory: [mem 0xfed20000-0xffd9ffff]
PM: Registered nosave memory: [mem 0xffda0000-0xffdcffff]
PM: Registered nosave memory: [mem 0xffdd0000-0xffffffff]
e820: [mem 0x80000000-0xdfffffff] available for PCI devices
Booting paravirtualized kernel on bare hardware
clocksource: refined-jiffies: mask: 0xffffffff max_cycles: 0xffffffff, max_idle_ns: 7645519600211568 ns
setup_percpu: NR_CPUS:8192 nr_cpumask_bits:24 nr_cpu_ids:24 nr_node_ids:1
percpu: Embedded 46 pages/cpu @        (ptrval) s151552 r8192 d28672 u262144
pcpu-alloc: s151552 r8192 d28672 u262144 alloc=1*2097152
pcpu-alloc: [0] 00 01 02 03 04 05 06 07 [0] 08 09 10 11 12 13 14 15 
pcpu-alloc: [0] 16 17 18 19 20 21 22 23 
Built 1 zonelists, mobility grouping on.  Total pages: 8250215
Policy zone: Normal
Kernel command line: BOOT_IMAGE=/boot/vmlinuz-4.15.0-20-generic root=UUID=cc4deca8-129e-476b-b683-9ac2fd6aad46 ro quiet splash vt.handoff=1
Calgary: detecting Calgary via BIOS EBDA area
Calgary: Unable to locate Rio Grande table in EBDA - bailing!
Memory: 32541512K/33524792K available (12300K kernel code, 2470K rwdata, 4240K rodata, 2404K init, 2416K bss, 983280K reserved, 0K cma-reserved)
SLUB: HWalign=64, Order=0-3, MinObjects=0, CPUs=24, Nodes=1
Kernel/User page tables isolation: enabled
ftrace: allocating 39065 entries in 153 pages
Hierarchical RCU implementation.
	RCU restricting CPUs from NR_CPUS=8192 to nr_cpu_ids=24.
	Tasks RCU enabled.
RCU: Adjusting geometry for rcu_fanout_leaf=16, nr_cpu_ids=24
NR_IRQS: 524544, nr_irqs: 1024, preallocated irqs: 16
vt handoff: transparent VT on vt#1
Console: colour dummy device 80x25
console [tty0] enabled
ACPI: Core revision 20170831
ACPI: 8 ACPI AML tables successfully acquired and loaded
clocksource: hpet: mask: 0xffffffff max_cycles: 0xffffffff, max_idle_ns: 133484882848 ns
hpet clockevent registered
APIC: Switch to symmetric I/O mode setup
DMAR: Host address width 46
DMAR: DRHD base: 0x000000dfff8000 flags: 0x1
DMAR: dmar0: reg_base_addr dfff8000 ver 1:0 cap d2078c106f0466 ecap f020de
DMAR: RMRR base: 0x0000007e7d3000 end: 0x0000007e7d5fff
DMAR: ATSR flags: 0x0
x2apic: IRQ remapping doesn't support X2APIC mode
Switched APIC routing to physical flat.
..TIMER: vector=0x30 apic1=0 pin1=2 apic2=-1 pin2=-1
tsc: Fast TSC calibration using PIT
tsc: Detected 2700.025 MHz processor
Calibrating delay loop (skipped), value calculated using timer frequency.. 5400.05 BogoMIPS (lpj=10800100)
pid_max: default: 32768 minimum: 301
Security Framework initialized
Yama: becoming mindful.
AppArmor: AppArmor initialized
Dentry cache hash table entries: 4194304 (order: 13, 33554432 bytes)
Inode-cache hash table entries: 2097152 (order: 12, 16777216 bytes)
Mount-cache hash table entries: 65536 (order: 7, 524288 bytes)
Mountpoint-cache hash table entries: 65536 (order: 7, 524288 bytes)
CPU: Physical Processor ID: 0
CPU: Processor Core ID: 0
mce: CPU supports 29 MCE banks
CPU0: Thermal monitoring enabled (TM1)
process: using mwait in idle threads
Last level iTLB entries: 4KB 512, 2MB 8, 4MB 8
Last level dTLB entries: 4KB 512, 2MB 0, 4MB 0, 1GB 4
Spectre V2 : Mitigation: Full generic retpoline
Spectre V2 : Spectre v2 mitigation: Enabling Indirect Branch Prediction Barrier
Spectre V2 : Enabling Restricted Speculation for firmware calls
Freeing SMP alternatives memory: 36K
TSC deadline timer enabled
smpboot: CPU0: Intel(R) Xeon(R) CPU E5-2697 v2 @ 2.70GHz (family: 0x6, model: 0x3e, stepping: 0x4)
Performance Events: PEBS fmt1+, IvyBridge events, 16-deep LBR, full-width counters, Intel PMU driver.
... version:                3
... bit width:              48
... generic registers:      4
... value mask:             0000ffffffffffff
... max period:             00007fffffffffff
... fixed-purpose events:   3
... event mask:             000000070000000f
Hierarchical SRCU implementation.
NMI watchdog: Enabled. Permanently consumes one hw-PMU counter.
smp: Bringing up secondary CPUs ...
x86: Booting SMP configuration:
.... node  #0, CPUs:        #1  #2  #3  #4  #5  #6  #7  #8  #9 #10 #11 #12 #13 #14 #15 #16 #17 #18 #19 #20 #21 #22 #23
smp: Brought up 1 node, 24 CPUs
smpboot: Max logical packages: 1
smpboot: Total of 24 processors activated (129601.20 BogoMIPS)
devtmpfs: initialized
x86/mm: Memory block size: 128MB
evm: security.selinux
evm: security.SMACK64
evm: security.SMACK64EXEC
evm: security.SMACK64TRANSMUTE
evm: security.SMACK64MMAP
evm: security.apparmor
evm: security.ima
evm: security.capability
PM: Registering ACPI NVS region [mem 0x0008f000-0x0008ffff] (4096 bytes)
PM: Registering ACPI NVS region [mem 0x7e11d000-0x7e49afff] (3661824 bytes)
PM: Registering ACPI NVS region [mem 0x7e4ad000-0x7e4aefff] (8192 bytes)
clocksource: jiffies: mask: 0xffffffff max_cycles: 0xffffffff, max_idle_ns: 7645041785100000 ns
futex hash table entries: 8192 (order: 7, 524288 bytes)
pinctrl core: initialized pinctrl subsystem
RTC time: 23:34:03, date: 01/31/19
NET: Registered protocol family 16
audit: initializing netlink subsys (disabled)
audit: type=2000 audit(1548977643.124:1): state=initialized audit_enabled=0 res=1
cpuidle: using governor ladder
cpuidle: using governor menu
ACPI FADT declares the system doesn't support PCIe ASPM, so disable it
ACPI: bus type PCI registered
acpiphp: ACPI Hot Plug PCI Controller Driver version: 0.5
PCI: MMCONFIG for domain 0000 [bus 00-ff] at [mem 0xe0000000-0xefffffff] (base 0xe0000000)
PCI: MMCONFIG at [mem 0xe0000000-0xefffffff] reserved in E820
PCI: Using configuration type 1 for base access
core: PMU erratum BJ122, BV98, HSD29 worked around, HT is on
HugeTLB registered 1.00 GiB page size, pre-allocated 0 pages
HugeTLB registered 2.00 MiB page size, pre-allocated 0 pages
ACPI: Disabled all _OSI OS vendors
ACPI: Added _OSI(Module Device)
ACPI: Added _OSI(Processor Device)
ACPI: Added _OSI(3.0 _SCP Extensions)
ACPI: Added _OSI(Processor Aggregator Device)
ACPI: Added _OSI(Darwin)
ACPI: BIOS _OSI(Darwin) query honored via DMI
ACPI: [Firmware Bug]: BIOS _OSI(Linux) query ignored
ACPI: EC: EC started
ACPI: EC: interrupt blocked
ACPI: \_SB_.PCI0.LPCB.EC__: Used as first EC
ACPI: \_SB_.PCI0.LPCB.EC__: GPE=0x17, EC_CMD/EC_SC=0x66, EC_DATA=0x62
ACPI: \_SB_.PCI0.LPCB.EC__: Used as boot DSDT EC to handle transactions
ACPI: Interpreter enabled
ACPI: (supports S0 S4 S5)
ACPI: Using IOAPIC for interrupt routing
PCI: Using host bridge windows from ACPI; if necessary, use "pci=nocrs" and report a bug
ACPI: Enabled 4 GPEs in block 00 to 3F
ACPI: \_SB_.PCI0.PEG0.BR00: [Firmware Info]: skipped 1 properties: wrong type
ACPI: PCI Root Bridge [PCI0] (domain 0000 [bus 00-fe])
acpi PNP0A08:00: _OSC: OS assumes control of [PCIeHotplug SHPCHotplug AER PCIeCapability]
PCI host bridge to bus 0000:00
pci_bus 0000:00: root bus resource [io  0x0000-0x0cf7 window]
pci_bus 0000:00: root bus resource [io  0x1000-0xbfff window]
pci_bus 0000:00: root bus resource [mem 0x000a0000-0x000bffff window]
pci_bus 0000:00: root bus resource [mem 0x000c4000-0x000cbfff window]
pci_bus 0000:00: root bus resource [mem 0xfed40000-0xfedfffff window]
pci_bus 0000:00: root bus resource [mem 0x80000000-0xdfffffff window]
pci_bus 0000:00: root bus resource [bus 00-fe]
pci 0000:00:00.0: [8086:0e00] type 00 class 0x060000
pci 0000:00:00.0: PME# supported from D0 D3hot D3cold
pci 0000:00:01.0: [8086:0e02] type 01 class 0x060400
pci 0000:00:01.0: PME# supported from D0 D3hot D3cold
pci 0000:00:02.0: [8086:0e04] type 01 class 0x060400
pci 0000:00:02.0: PME# supported from D0 D3hot D3cold
pci 0000:00:03.0: [8086:0e08] type 01 class 0x060400
pci 0000:00:03.0: enabling Extended Tags
pci 0000:00:03.0: PME# supported from D0 D3hot D3cold
pci 0000:00:04.0: [8086:0e20] type 00 class 0x088000
pci 0000:00:04.0: reg 0x10: [mem 0xa0800000-0xa0803fff 64bit]
pci 0000:00:04.1: [8086:0e21] type 00 class 0x088000
pci 0000:00:04.1: reg 0x10: [mem 0xa0804000-0xa0807fff 64bit]
pci 0000:00:04.2: [8086:0e22] type 00 class 0x088000
pci 0000:00:04.2: reg 0x10: [mem 0xa0808000-0xa080bfff 64bit]
pci 0000:00:04.3: [8086:0e23] type 00 class 0x088000
pci 0000:00:04.3: reg 0x10: [mem 0xa080c000-0xa080ffff 64bit]
pci 0000:00:04.4: [8086:0e24] type 00 class 0x088000
pci 0000:00:04.4: reg 0x10: [mem 0xa0810000-0xa0813fff 64bit]
pci 0000:00:04.5: [8086:0e25] type 00 class 0x088000
pci 0000:00:04.5: reg 0x10: [mem 0xa0814000-0xa0817fff 64bit]
pci 0000:00:04.6: [8086:0e26] type 00 class 0x088000
pci 0000:00:04.6: reg 0x10: [mem 0xa0818000-0xa081bfff 64bit]
pci 0000:00:04.7: [8086:0e27] type 00 class 0x088000
pci 0000:00:04.7: reg 0x10: [mem 0xa081c000-0xa081ffff 64bit]
pci 0000:00:05.0: [8086:0e28] type 00 class 0x088000
pci 0000:00:05.1: [8086:0e29] type 00 class 0x088000
pci 0000:00:05.2: [8086:0e2a] type 00 class 0x088000
pci 0000:00:05.4: [8086:0e2c] type 00 class 0x080020
pci 0000:00:05.4: reg 0x10: [mem 0xa0826000-0xa0826fff]
pci 0000:00:11.0: [8086:1d3e] type 01 class 0x060400
pci 0000:00:11.0: PME# supported from D0 D3hot D3cold
pci 0000:00:16.0: [8086:1d3a] type 00 class 0x078000
pci 0000:00:16.0: reg 0x10: [mem 0xa0827d00-0xa0827d0f 64bit]
pci 0000:00:16.0: PME# supported from D0 D3hot D3cold
pci 0000:00:1b.0: [8086:1d20] type 00 class 0x040300
pci 0000:00:1b.0: reg 0x10: [mem 0xa0820000-0xa0823fff 64bit]
pci 0000:00:1b.0: PME# supported from D0 D3hot D3cold
pci 0000:00:1c.0: [8086:1d10] type 01 class 0x060400
pci 0000:00:1c.0: PME# supported from D0 D3hot D3cold
pci 0000:00:1c.1: [8086:1d12] type 01 class 0x060400
pci 0000:00:1c.1: PME# supported from D0 D3hot D3cold
pci 0000:00:1c.2: [8086:1d14] type 01 class 0x060400
pci 0000:00:1c.2: PME# supported from D0 D3hot D3cold
pci 0000:00:1c.4: [8086:1d18] type 01 class 0x060400
pci 0000:00:1c.4: PME# supported from D0 D3hot D3cold
pci 0000:00:1d.0: [8086:1d26] type 00 class 0x0c0320
pci 0000:00:1d.0: reg 0x10: [mem 0xa0827800-0xa0827bff]
pci 0000:00:1d.0: PME# supported from D0 D3hot D3cold
pci 0000:00:1e.0: [8086:244e] type 01 class 0x060401
pci 0000:00:1f.0: [8086:1d41] type 00 class 0x060100
pci 0000:00:1f.3: [8086:1d22] type 00 class 0x0c0500
pci 0000:00:1f.3: reg 0x10: [mem 0xa0827c00-0xa0827cff 64bit]
pci 0000:00:1f.3: reg 0x20: [io  0x4000-0x401f]
pci 0000:10:00.0: [10b5:8723] type 01 class 0x060400
pci 0000:10:00.0: reg 0x10: [mem 0xbf900000-0xbf93ffff]
pci 0000:10:00.0: PME# supported from D0 D3hot D3cold
pci 0000:00:01.0: PCI bridge to [bus 10-e8]
pci 0000:00:01.0:   bridge window [io  0x5000-0xafff]
pci 0000:00:01.0:   bridge window [mem 0xa0900000-0xbf9fffff]
pci 0000:00:01.0:   bridge window [mem 0xbfa00000-0xde5fffff 64bit pref]
pci 0000:11:01.0: [10b5:8723] type 01 class 0x060400
pci 0000:11:01.0: PME# supported from D0 D3hot D3cold
pci 0000:11:02.0: [10b5:8723] type 01 class 0x060400
pci 0000:11:02.0: PME# supported from D0 D3hot D3cold
pci 0000:11:08.0: [10b5:8723] type 01 class 0x060400
pci 0000:11:08.0: PME# supported from D0 D3hot D3cold
pci 0000:11:09.0: [10b5:8723] type 01 class 0x060400
pci 0000:11:09.0: PME# supported from D0 D3hot D3cold
pci 0000:11:0a.0: [10b5:8723] type 01 class 0x060400
pci 0000:11:0a.0: PME# supported from D0 D3hot D3cold
pci 0000:10:00.0: PCI bridge to [bus 11-e8]
pci 0000:10:00.0:   bridge window [io  0x5000-0xafff]
pci 0000:10:00.0:   bridge window [mem 0xa0900000-0xbf8fffff]
pci 0000:10:00.0:   bridge window [mem 0xbfa00000-0xde5fffff 64bit pref]
pci 0000:12:00.0: [1b73:1100] type 00 class 0x0c0330
pci 0000:12:00.0: reg 0x10: [mem 0xa0900000-0xa090ffff 64bit]
pci 0000:12:00.0: reg 0x18: [mem 0xa0910000-0xa0910fff 64bit]
pci 0000:12:00.0: reg 0x20: [mem 0xa0911000-0xa0911fff 64bit]
pci 0000:12:00.0: supports D1
pci 0000:12:00.0: PME# supported from D0 D1 D3hot D3cold
pci 0000:11:01.0: PCI bridge to [bus 12]
pci 0000:11:01.0:   bridge window [mem 0xa0900000-0xa09fffff]
pci 0000:14:00.0: [8086:156d] type 01 class 0x060400
pci 0000:14:00.0: enabling Extended Tags
pci 0000:14:00.0: supports D1 D2
pci 0000:14:00.0: PME# supported from D0 D1 D2 D3hot D3cold
pci 0000:11:02.0: PCI bridge to [bus 14-5a]
pci 0000:11:02.0:   bridge window [io  0x5000-0x6fff]
pci 0000:11:02.0:   bridge window [mem 0xa0a00000-0xaaefffff]
pci 0000:11:02.0:   bridge window [mem 0xbfa00000-0xc9dfffff 64bit pref]
pci 0000:15:00.0: [8086:156d] type 01 class 0x060400
pci 0000:15:00.0: enabling Extended Tags
pci 0000:15:00.0: supports D1 D2
pci 0000:15:00.0: PME# supported from D0 D1 D2 D3hot D3cold
pci 0000:15:03.0: [8086:156d] type 01 class 0x060400
pci 0000:15:03.0: enabling Extended Tags
pci 0000:15:03.0: supports D1 D2
pci 0000:15:03.0: PME# supported from D0 D1 D2 D3hot D3cold
pci 0000:15:04.0: [8086:156d] type 01 class 0x060400
pci 0000:15:04.0: enabling Extended Tags
pci 0000:15:04.0: supports D1 D2
pci 0000:15:04.0: PME# supported from D0 D1 D2 D3hot D3cold
pci 0000:15:05.0: [8086:156d] type 01 class 0x060400
pci 0000:15:05.0: enabling Extended Tags
pci 0000:15:05.0: supports D1 D2
pci 0000:15:05.0: PME# supported from D0 D1 D2 D3hot D3cold
pci 0000:15:06.0: [8086:156d] type 01 class 0x060400
pci 0000:15:06.0: enabling Extended Tags
pci 0000:15:06.0: supports D1 D2
pci 0000:15:06.0: PME# supported from D0 D1 D2 D3hot D3cold
pci 0000:14:00.0: PCI bridge to [bus 15-5a]
pci 0000:14:00.0:   bridge window [io  0x5000-0x6fff]
pci 0000:14:00.0:   bridge window [mem 0xa0a00000-0xaaefffff]
pci 0000:14:00.0:   bridge window [mem 0xbfa00000-0xc9dfffff 64bit pref]
pci 0000:16:00.0: [8086:156c] type 00 class 0x088000
pci 0000:16:00.0: reg 0x10: [mem 0xa0a00000-0xa0a3ffff]
pci 0000:16:00.0: reg 0x14: [mem 0xa0a40000-0xa0a40fff]
pci 0000:16:00.0: enabling Extended Tags
pci 0000:16:00.0: supports D1 D2
pci 0000:16:00.0: PME# supported from D0 D1 D2 D3hot D3cold
pci 0000:15:00.0: PCI bridge to [bus 16]
pci 0000:15:00.0:   bridge window [mem 0xa0a00000-0xa0afffff]
pci 0000:17:00.0: [8086:1549] type 01 class 0x060400
pci 0000:17:00.0: enabling Extended Tags
pci 0000:17:00.0: supports D1 D2
pci 0000:17:00.0: PME# supported from D0 D1 D2 D3hot D3cold
pci 0000:15:03.0: PCI bridge to [bus 17-19]
pci 0000:15:03.0:   bridge window [io  0x5000-0x5fff]
pci 0000:15:03.0:   bridge window [mem 0xa0b00000-0xa0bfffff]
pci 0000:15:03.0:   bridge window [mem 0xbfa00000-0xc4bfffff 64bit pref]
acpiphp: Slot [1] registered
acpiphp: Slot [2-1] registered
acpiphp: Slot [3-1] registered
acpiphp: Slot [4-1] registered
acpiphp: Slot [5-1] registered
pci 0000:18:00.0: [8086:1549] type 01 class 0x060400
pci 0000:18:00.0: enabling Extended Tags
pci 0000:18:00.0: supports D1 D2
pci 0000:18:00.0: PME# supported from D0 D1 D2 D3hot D3cold
pci 0000:17:00.0: PCI bridge to [bus 18-19]
pci 0000:17:00.0:   bridge window [io  0x5000-0x5fff]
pci 0000:17:00.0:   bridge window [mem 0xa0b00000-0xa0bfffff]
acpiphp: Slot [1-1] registered
pci 0000:19:00.0: [1b4b:9235] type 00 class 0x010601
pci 0000:19:00.0: reg 0x10: [io  0x5028-0x502f]
pci 0000:19:00.0: reg 0x14: [io  0x5034-0x5037]
pci 0000:19:00.0: reg 0x18: [io  0x5020-0x5027]
pci 0000:19:00.0: reg 0x1c: [io  0x5030-0x5033]
pci 0000:19:00.0: reg 0x20: [io  0x5000-0x501f]
pci 0000:19:00.0: reg 0x24: [mem 0xa0b00000-0xa0b007ff]
pci 0000:19:00.0: reg 0x30: [mem 0xffff0000-0xffffffff pref]
pci 0000:19:00.0: PME# supported from D3hot
pci 0000:18:00.0: PCI bridge to [bus 19]
pci 0000:18:00.0:   bridge window [io  0x5000-0x5fff]
pci 0000:18:00.0:   bridge window [mem 0xa0b00000-0xa0bfffff]
pci 0000:15:04.0: PCI bridge to [bus 38]
pci 0000:15:05.0: PCI bridge to [bus 39-59]
pci 0000:15:05.0:   bridge window [io  0x6000-0x6fff]
pci 0000:15:05.0:   bridge window [mem 0xa5d00000-0xaaefffff]
pci 0000:15:05.0:   bridge window [mem 0xc4c00000-0xc9dfffff 64bit pref]
pci 0000:15:06.0: PCI bridge to [bus 5a]
pci 0000:11:08.0: PCI bridge to [bus 13]
pci 0000:5b:00.0: [8086:156d] type 01 class 0x060400
pci 0000:5b:00.0: enabling Extended Tags
pci 0000:5b:00.0: supports D1 D2
pci 0000:5b:00.0: PME# supported from D0 D1 D2 D3hot D3cold
pci 0000:11:09.0: PCI bridge to [bus 5b-a1]
pci 0000:11:09.0:   bridge window [io  0x7000-0x8fff]
pci 0000:11:09.0:   bridge window [mem 0xaaf00000-0xb53fffff]
pci 0000:11:09.0:   bridge window [mem 0xc9e00000-0xd41fffff 64bit pref]
pci 0000:5c:00.0: [8086:156d] type 01 class 0x060400
pci 0000:5c:00.0: enabling Extended Tags
pci 0000:5c:00.0: supports D1 D2
pci 0000:5c:00.0: PME# supported from D0 D1 D2 D3hot D3cold
pci 0000:5c:03.0: [8086:156d] type 01 class 0x060400
pci 0000:5c:03.0: enabling Extended Tags
pci 0000:5c:03.0: supports D1 D2
pci 0000:5c:03.0: PME# supported from D0 D1 D2 D3hot D3cold
pci 0000:5c:04.0: [8086:156d] type 01 class 0x060400
pci 0000:5c:04.0: enabling Extended Tags
pci 0000:5c:04.0: supports D1 D2
pci 0000:5c:04.0: PME# supported from D0 D1 D2 D3hot D3cold
pci 0000:5c:05.0: [8086:156d] type 01 class 0x060400
pci 0000:5c:05.0: enabling Extended Tags
pci 0000:5c:05.0: supports D1 D2
pci 0000:5c:05.0: PME# supported from D0 D1 D2 D3hot D3cold
pci 0000:5c:06.0: [8086:156d] type 01 class 0x060400
pci 0000:5c:06.0: enabling Extended Tags
pci 0000:5c:06.0: supports D1 D2
pci 0000:5c:06.0: PME# supported from D0 D1 D2 D3hot D3cold
pci 0000:5b:00.0: PCI bridge to [bus 5c-a1]
pci 0000:5b:00.0:   bridge window [io  0x7000-0x8fff]
pci 0000:5b:00.0:   bridge window [mem 0xaaf00000-0xb53fffff]
pci 0000:5b:00.0:   bridge window [mem 0xc9e00000-0xd41fffff 64bit pref]
pci 0000:5d:00.0: [8086:156c] type 00 class 0x088000
pci 0000:5d:00.0: reg 0x10: [mem 0xaaf00000-0xaaf3ffff]
pci 0000:5d:00.0: reg 0x14: [mem 0xaaf40000-0xaaf40fff]
pci 0000:5d:00.0: enabling Extended Tags
pci 0000:5d:00.0: supports D1 D2
pci 0000:5d:00.0: PME# supported from D0 D1 D2 D3hot D3cold
pci 0000:5c:00.0: PCI bridge to [bus 5d]
pci 0000:5c:00.0:   bridge window [mem 0xaaf00000-0xaaffffff]
pci 0000:5c:03.0: PCI bridge to [bus 5e-7e]
pci 0000:5c:03.0:   bridge window [io  0x7000-0x7fff]
pci 0000:5c:03.0:   bridge window [mem 0xab000000-0xb01fffff]
pci 0000:5c:03.0:   bridge window [mem 0xc9e00000-0xceffffff 64bit pref]
pci 0000:5c:04.0: PCI bridge to [bus 7f]
pci 0000:5c:05.0: PCI bridge to [bus 80-a0]
pci 0000:5c:05.0:   bridge window [io  0x8000-0x8fff]
pci 0000:5c:05.0:   bridge window [mem 0xb0200000-0xb53fffff]
pci 0000:5c:05.0:   bridge window [mem 0xcf000000-0xd41fffff 64bit pref]
pci 0000:5c:06.0: PCI bridge to [bus a1]
pci 0000:a2:00.0: [8086:156d] type 01 class 0x060400
pci 0000:a2:00.0: enabling Extended Tags
pci 0000:a2:00.0: supports D1 D2
pci 0000:a2:00.0: PME# supported from D0 D1 D2 D3hot D3cold
pci 0000:11:0a.0: PCI bridge to [bus a2-e8]
pci 0000:11:0a.0:   bridge window [io  0x9000-0xafff]
pci 0000:11:0a.0:   bridge window [mem 0xb5400000-0xbf8fffff]
pci 0000:11:0a.0:   bridge window [mem 0xd4200000-0xde5fffff 64bit pref]
pci 0000:a3:00.0: [8086:156d] type 01 class 0x060400
pci 0000:a3:00.0: enabling Extended Tags
pci 0000:a3:00.0: supports D1 D2
pci 0000:a3:00.0: PME# supported from D0 D1 D2 D3hot D3cold
pci 0000:a3:03.0: [8086:156d] type 01 class 0x060400
pci 0000:a3:03.0: enabling Extended Tags
pci 0000:a3:03.0: supports D1 D2
pci 0000:a3:03.0: PME# supported from D0 D1 D2 D3hot D3cold
pci 0000:a3:04.0: [8086:156d] type 01 class 0x060400
pci 0000:a3:04.0: enabling Extended Tags
pci 0000:a3:04.0: supports D1 D2
pci 0000:a3:04.0: PME# supported from D0 D1 D2 D3hot D3cold
pci 0000:a3:05.0: [8086:156d] type 01 class 0x060400
pci 0000:a3:05.0: enabling Extended Tags
pci 0000:a3:05.0: supports D1 D2
pci 0000:a3:05.0: PME# supported from D0 D1 D2 D3hot D3cold
pci 0000:a3:06.0: [8086:156d] type 01 class 0x060400
pci 0000:a3:06.0: enabling Extended Tags
pci 0000:a3:06.0: supports D1 D2
pci 0000:a3:06.0: PME# supported from D0 D1 D2 D3hot D3cold
pci 0000:a2:00.0: PCI bridge to [bus a3-e8]
pci 0000:a2:00.0:   bridge window [io  0x9000-0xafff]
pci 0000:a2:00.0:   bridge window [mem 0xb5400000-0xbf8fffff]
pci 0000:a2:00.0:   bridge window [mem 0xd4200000-0xde5fffff 64bit pref]
pci 0000:a4:00.0: [8086:156c] type 00 class 0x088000
pci 0000:a4:00.0: reg 0x10: [mem 0xb5400000-0xb543ffff]
pci 0000:a4:00.0: reg 0x14: [mem 0xb5440000-0xb5440fff]
pci 0000:a4:00.0: enabling Extended Tags
pci 0000:a4:00.0: supports D1 D2
pci 0000:a4:00.0: PME# supported from D0 D1 D2 D3hot D3cold
pci 0000:a3:00.0: PCI bridge to [bus a4]
pci 0000:a3:00.0:   bridge window [mem 0xb5400000-0xb54fffff]
pci 0000:a3:03.0: PCI bridge to [bus a5-c5]
pci 0000:a3:03.0:   bridge window [io  0x9000-0x9fff]
pci 0000:a3:03.0:   bridge window [mem 0xb5500000-0xba6fffff]
pci 0000:a3:03.0:   bridge window [mem 0xd4200000-0xd93fffff 64bit pref]
pci 0000:a3:04.0: PCI bridge to [bus c6]
pci 0000:a3:05.0: PCI bridge to [bus c7-e7]
pci 0000:a3:05.0:   bridge window [io  0xa000-0xafff]
pci 0000:a3:05.0:   bridge window [mem 0xba700000-0xbf8fffff]
pci 0000:a3:05.0:   bridge window [mem 0xd9400000-0xde5fffff 64bit pref]
pci 0000:a3:06.0: PCI bridge to [bus e8]
pci 0000:02:00.0: [1002:6798] type 00 class 0x030000
pci 0000:02:00.0: reg 0x10: [mem 0x80000000-0x8fffffff 64bit pref]
pci 0000:02:00.0: reg 0x18: [mem 0xa0700000-0xa073ffff 64bit]
pci 0000:02:00.0: reg 0x20: [io  0x3000-0x30ff]
pci 0000:02:00.0: reg 0x30: [mem 0xa0740000-0xa075ffff pref]
pci 0000:02:00.0: enabling Extended Tags
pci 0000:02:00.0: supports D1 D2
pci 0000:02:00.0: PME# supported from D1 D2 D3hot
pci 0000:02:00.1: [1002:aaa0] type 00 class 0x040300
pci 0000:02:00.1: reg 0x10: [mem 0xa0760000-0xa0763fff 64bit]
pci 0000:02:00.1: enabling Extended Tags
pci 0000:02:00.1: supports D1 D2
pci 0000:00:02.0: PCI bridge to [bus 02]
pci 0000:00:02.0:   bridge window [io  0x3000-0x3fff]
pci 0000:00:02.0:   bridge window [mem 0xa0700000-0xa07fffff]
pci 0000:00:02.0:   bridge window [mem 0x80000000-0x8fffffff 64bit pref]
pci 0000:06:00.0: [1002:6798] type 00 class 0x030000
pci 0000:06:00.0: reg 0x10: [mem 0x90000000-0x9fffffff 64bit pref]
pci 0000:06:00.0: reg 0x18: [mem 0xa0600000-0xa063ffff 64bit]
pci 0000:06:00.0: reg 0x20: [io  0x2000-0x20ff]
pci 0000:06:00.0: reg 0x30: [mem 0xa0640000-0xa065ffff pref]
pci 0000:06:00.0: enabling Extended Tags
pci 0000:06:00.0: BAR 0: assigned to efifb
pci 0000:06:00.0: supports D1 D2
pci 0000:06:00.0: PME# supported from D1 D2 D3hot
pci 0000:06:00.1: [1002:aaa0] type 00 class 0x040300
pci 0000:06:00.1: reg 0x10: [mem 0xa0660000-0xa0663fff 64bit]
pci 0000:06:00.1: enabling Extended Tags
pci 0000:06:00.1: supports D1 D2
pci 0000:00:03.0: PCI bridge to [bus 06]
pci 0000:00:03.0:   bridge window [io  0x2000-0x2fff]
pci 0000:00:03.0:   bridge window [mem 0xa0600000-0xa06fffff]
pci 0000:00:03.0:   bridge window [mem 0x90000000-0x9fffffff 64bit pref]
pci 0000:00:11.0: PCI bridge to [bus 0a]
pci 0000:0b:00.0: [14e4:1682] type 00 class 0x020000
pci 0000:0b:00.0: reg 0x10: [mem 0xa0300000-0xa030ffff 64bit pref]
pci 0000:0b:00.0: reg 0x18: [mem 0xa0310000-0xa031ffff 64bit pref]
pci 0000:0b:00.0: PME# supported from D0 D3hot D3cold
pci 0000:00:1c.0: PCI bridge to [bus 0b]
pci 0000:00:1c.0:   bridge window [mem 0xa0300000-0xa03fffff 64bit pref]
pci 0000:0c:00.0: [14e4:1682] type 00 class 0x020000
pci 0000:0c:00.0: reg 0x10: [mem 0xa0400000-0xa040ffff 64bit pref]
pci 0000:0c:00.0: reg 0x18: [mem 0xa0410000-0xa041ffff 64bit pref]
pci 0000:0c:00.0: PME# supported from D0 D3hot D3cold
pci 0000:00:1c.1: PCI bridge to [bus 0c]
pci 0000:00:1c.1:   bridge window [mem 0xa0400000-0xa04fffff 64bit pref]
pci 0000:0d:00.0: [14e4:43a0] type 00 class 0x028000
pci 0000:0d:00.0: reg 0x10: [mem 0xa0200000-0xa0207fff 64bit]
pci 0000:0d:00.0: reg 0x18: [mem 0xa0000000-0xa01fffff 64bit]
pci 0000:0d:00.0: supports D1 D2
pci 0000:0d:00.0: PME# supported from D0 D1 D2 D3hot D3cold
pci 0000:00:1c.2: PCI bridge to [bus 0d]
pci 0000:00:1c.2:   bridge window [mem 0xa0000000-0xa02fffff]
pci 0000:0e:00.0: [144d:a801] type 00 class 0x010601
pci 0000:0e:00.0: reg 0x24: [mem 0xa0500000-0xa0501fff]
pci 0000:00:1c.4: PCI bridge to [bus 0e]
pci 0000:00:1c.4:   bridge window [mem 0xa0500000-0xa05fffff]
pci 0000:00:1e.0: PCI bridge to [bus 0f] (subtractive decode)
pci 0000:00:1e.0:   bridge window [io  0x0000-0x0cf7 window] (subtractive decode)
pci 0000:00:1e.0:   bridge window [io  0x1000-0xbfff window] (subtractive decode)
pci 0000:00:1e.0:   bridge window [mem 0x000a0000-0x000bffff window] (subtractive decode)
pci 0000:00:1e.0:   bridge window [mem 0x000c4000-0x000cbfff window] (subtractive decode)
pci 0000:00:1e.0:   bridge window [mem 0xfed40000-0xfedfffff window] (subtractive decode)
pci 0000:00:1e.0:   bridge window [mem 0x80000000-0xdfffffff window] (subtractive decode)
ACPI: PCI Interrupt Link [LNKA] (IRQs 1 3 4 5 6 7 10 12 14 15) *0, disabled.
ACPI: PCI Interrupt Link [LNKB] (IRQs 1 3 4 5 6 7 11 12 14 15) *0, disabled.
ACPI: PCI Interrupt Link [LNKC] (IRQs 1 3 4 5 6 7 10 12 14 15) *0, disabled.
ACPI: PCI Interrupt Link [LNKD] (IRQs 1 3 4 5 6 7 11 12 14 15) *0, disabled.
ACPI: PCI Interrupt Link [LNKE] (IRQs 1 3 4 5 6 7 10 12 14 15) *0, disabled.
ACPI: PCI Interrupt Link [LNKF] (IRQs 1 3 4 5 6 7 11 12 14 15) *0, disabled.
ACPI: PCI Interrupt Link [LNKG] (IRQs 1 3 4 5 6 7 10 12 14 15) *0, disabled.
ACPI: PCI Interrupt Link [LNKH] (IRQs 1 3 4 5 6 7 11 12 14 15) *0, disabled.
ACPI: EC: interrupt unblocked
ACPI: EC: event unblocked
ACPI: \_SB_.PCI0.LPCB.EC__: GPE=0x17, EC_CMD/EC_SC=0x66, EC_DATA=0x62
ACPI: \_SB_.PCI0.LPCB.EC__: Used as boot DSDT EC to handle transactions and events
SCSI subsystem initialized
libata version 3.00 loaded.
pci 0000:02:00.0: vgaarb: VGA device added: decodes=io+mem,owns=none,locks=none
pci 0000:06:00.0: vgaarb: VGA device added: decodes=io+mem,owns=none,locks=none
pci 0000:06:00.0: vgaarb: bridge control possible
pci 0000:02:00.0: vgaarb: bridge control possible
pci 0000:06:00.0: vgaarb: setting as boot device
vgaarb: loaded
ACPI: bus type USB registered
usbcore: registered new interface driver usbfs
usbcore: registered new interface driver hub
usbcore: registered new device driver usb
EDAC MC: Ver: 3.0.0
Registered efivars operations
PCI: Using ACPI for IRQ routing
PCI: Discovered peer bus ff
PCI: root bus ff: using default resources
PCI: Probing PCI hardware (bus ff)
PCI host bridge to bus 0000:ff
pci_bus 0000:ff: root bus resource [io  0x0000-0xffff]
pci_bus 0000:ff: root bus resource [mem 0x00000000-0x3fffffffffff]
pci_bus 0000:ff: No busn resource found for root bus, will use [bus ff-ff]
pci 0000:ff:08.0: [8086:0e80] type 00 class 0x088000
pci 0000:ff:08.3: [8086:0e83] type 00 class 0x088000
pci 0000:ff:08.4: [8086:0e84] type 00 class 0x088000
pci 0000:ff:09.0: [8086:0e90] type 00 class 0x088000
pci 0000:ff:09.3: [8086:0e93] type 00 class 0x088000
pci 0000:ff:09.4: [8086:0e94] type 00 class 0x088000
pci 0000:ff:0a.0: [8086:0ec0] type 00 class 0x088000
pci 0000:ff:0a.1: [8086:0ec1] type 00 class 0x088000
pci 0000:ff:0a.2: [8086:0ec2] type 00 class 0x088000
pci 0000:ff:0a.3: [8086:0ec3] type 00 class 0x088000
pci 0000:ff:0b.0: [8086:0e1e] type 00 class 0x088000
pci 0000:ff:0b.3: [8086:0e1f] type 00 class 0x088000
pci 0000:ff:0c.0: [8086:0ee0] type 00 class 0x088000
pci 0000:ff:0c.1: [8086:0ee2] type 00 class 0x088000
pci 0000:ff:0c.2: [8086:0ee4] type 00 class 0x088000
pci 0000:ff:0c.3: [8086:0ee6] type 00 class 0x088000
pci 0000:ff:0c.4: [8086:0ee8] type 00 class 0x088000
pci 0000:ff:0c.5: [8086:0eea] type 00 class 0x088000
pci 0000:ff:0d.0: [8086:0ee1] type 00 class 0x088000
pci 0000:ff:0d.1: [8086:0ee3] type 00 class 0x088000
pci 0000:ff:0d.2: [8086:0ee5] type 00 class 0x088000
pci 0000:ff:0d.3: [8086:0ee7] type 00 class 0x088000
pci 0000:ff:0d.4: [8086:0ee9] type 00 class 0x088000
pci 0000:ff:0d.5: [8086:0eeb] type 00 class 0x088000
pci 0000:ff:0e.0: [8086:0ea0] type 00 class 0x088000
pci 0000:ff:0e.1: [8086:0e30] type 00 class 0x110100
pci 0000:ff:0f.0: [8086:0ea8] type 00 class 0x088000
pci 0000:ff:0f.1: [8086:0e71] type 00 class 0x088000
pci 0000:ff:0f.2: [8086:0eaa] type 00 class 0x088000
pci 0000:ff:0f.3: [8086:0eab] type 00 class 0x088000
pci 0000:ff:0f.4: [8086:0eac] type 00 class 0x088000
pci 0000:ff:0f.5: [8086:0ead] type 00 class 0x088000
pci 0000:ff:10.0: [8086:0eb0] type 00 class 0x088000
pci 0000:ff:10.1: [8086:0eb1] type 00 class 0x088000
pci 0000:ff:10.2: [8086:0eb2] type 00 class 0x088000
pci 0000:ff:10.3: [8086:0eb3] type 00 class 0x088000
pci 0000:ff:10.4: [8086:0eb4] type 00 class 0x088000
pci 0000:ff:10.5: [8086:0eb5] type 00 class 0x088000
pci 0000:ff:10.6: [8086:0eb6] type 00 class 0x088000
pci 0000:ff:10.7: [8086:0eb7] type 00 class 0x088000
pci 0000:ff:11.0: [8086:0eb8] type 00 class 0x088000
pci 0000:ff:13.0: [8086:0e1d] type 00 class 0x088000
pci 0000:ff:13.1: [8086:0e34] type 00 class 0x110100
pci 0000:ff:13.4: [8086:0e81] type 00 class 0x088000
pci 0000:ff:13.5: [8086:0e36] type 00 class 0x110100
pci 0000:ff:13.6: [8086:0e37] type 00 class 0x110100
pci 0000:ff:16.0: [8086:0ec8] type 00 class 0x088000
pci 0000:ff:16.1: [8086:0ec9] type 00 class 0x088000
pci 0000:ff:16.2: [8086:0eca] type 00 class 0x088000
pci 0000:ff:1c.0: [8086:0e60] type 00 class 0x088000
pci 0000:ff:1c.1: [8086:0e38] type 00 class 0x110100
pci 0000:ff:1c.2: [8086:0e78] type 00 class 0x088000
pci 0000:ff:1d.0: [8086:0e68] type 00 class 0x088000
pci 0000:ff:1d.1: [8086:0e79] type 00 class 0x088000
pci 0000:ff:1d.2: [8086:0e6a] type 00 class 0x088000
pci 0000:ff:1d.3: [8086:0e6b] type 00 class 0x088000
pci 0000:ff:1d.4: [8086:0e6c] type 00 class 0x088000
pci 0000:ff:1d.5: [8086:0e6d] type 00 class 0x088000
pci 0000:ff:1e.0: [8086:0ef0] type 00 class 0x088000
pci 0000:ff:1e.1: [8086:0ef1] type 00 class 0x088000
pci 0000:ff:1e.2: [8086:0ef2] type 00 class 0x088000
pci 0000:ff:1e.3: [8086:0ef3] type 00 class 0x088000
pci 0000:ff:1e.4: [8086:0ef4] type 00 class 0x088000
pci 0000:ff:1e.5: [8086:0ef5] type 00 class 0x088000
pci 0000:ff:1e.6: [8086:0ef6] type 00 class 0x088000
pci 0000:ff:1e.7: [8086:0ef7] type 00 class 0x088000
pci 0000:ff:1f.0: [8086:0e98] type 00 class 0x088000
pci 0000:ff:1f.1: [8086:0e99] type 00 class 0x088000
pci 0000:ff:1f.2: [8086:0e9a] type 00 class 0x088000
pci 0000:ff:1f.3: [8086:0e9b] type 00 class 0x088000
pci_bus 0000:ff: busn_res: [bus ff] end is updated to ff
PCI: pci_cache_line_size set to 64 bytes
e820: reserve RAM buffer [mem 0x0008f000-0x0008ffff]
e820: reserve RAM buffer [mem 0x7e11d000-0x7fffffff]
e820: reserve RAM buffer [mem 0x7e4ad000-0x7fffffff]
e820: reserve RAM buffer [mem 0x7e51b000-0x7fffffff]
e820: reserve RAM buffer [mem 0x7e639000-0x7fffffff]
e820: reserve RAM buffer [mem 0x7e6cf000-0x7fffffff]
e820: reserve RAM buffer [mem 0x7e7d1000-0x7fffffff]
e820: reserve RAM buffer [mem 0x7e800000-0x7fffffff]
NetLabel: Initializing
NetLabel:  domain hash size = 128
NetLabel:  protocols = UNLABELED CIPSOv4 CALIPSO
NetLabel:  unlabeled traffic allowed by default
hpet0: at MMIO 0xfed00000, IRQs 2, 8, 0, 0, 0, 0, 0, 0
hpet0: 8 comparators, 64-bit 14.318180 MHz counter
clocksource: Switched to clocksource hpet
VFS: Disk quotas dquot_6.6.0
VFS: Dquot-cache hash table entries: 512 (order 0, 4096 bytes)
AppArmor: AppArmor Filesystem Enabled
pnp: PnP ACPI init
system 00:00: [mem 0xdfffa000-0xdfffafff] has been reserved
system 00:00: [mem 0xdfff8000-0xdfff8fff] could not be reserved
system 00:00: Plug and Play ACPI device, IDs PNP0c02 (active)
system 00:01: [mem 0xfed00000-0xfed003ff] has been reserved
system 00:01: Plug and Play ACPI device, IDs PNP0103 PNP0c01 (active)
system 00:02: [io  0x1000-0x100f] has been reserved
system 00:02: [io  0x0400-0x047f] has been reserved
system 00:02: [io  0x0800-0x087f] has been reserved
system 00:02: Plug and Play ACPI device, IDs PNP0c02 (active)
pnp 00:03: Plug and Play ACPI device, IDs PNP0b00 (active)
pnp 00:04: Plug and Play ACPI device, IDs APP000b (active)
pnp: PnP ACPI: found 5 devices
clocksource: acpi_pm: mask: 0xffffff max_cycles: 0xffffff, max_idle_ns: 2085701024 ns
pci 0000:19:00.0: can't claim BAR 6 [mem 0xffff0000-0xffffffff pref]: no compatible bridge window
pci 0000:15:00.0: bridge window [io  0x1000-0x0fff] to [bus 16] add_size 1000
pci 0000:15:00.0: bridge window [mem 0x00100000-0x000fffff 64bit pref] to [bus 16] add_size 200000 add_align 100000
pci 0000:15:04.0: bridge window [io  0x1000-0x0fff] to [bus 38] add_size 1000
pci 0000:15:04.0: bridge window [mem 0x00100000-0x000fffff 64bit pref] to [bus 38] add_size 200000 add_align 100000
pci 0000:15:04.0: bridge window [mem 0x00100000-0x000fffff] to [bus 38] add_size 200000 add_align 100000
pci 0000:15:06.0: bridge window [io  0x1000-0x0fff] to [bus 5a] add_size 1000
pci 0000:15:06.0: bridge window [mem 0x00100000-0x000fffff 64bit pref] to [bus 5a] add_size 200000 add_align 100000
pci 0000:15:06.0: bridge window [mem 0x00100000-0x000fffff] to [bus 5a] add_size 200000 add_align 100000
pci 0000:5c:00.0: bridge window [io  0x1000-0x0fff] to [bus 5d] add_size 1000
pci 0000:5c:00.0: bridge window [mem 0x00100000-0x000fffff 64bit pref] to [bus 5d] add_size 200000 add_align 100000
pci 0000:5c:04.0: bridge window [io  0x1000-0x0fff] to [bus 7f] add_size 1000
pci 0000:5c:04.0: bridge window [mem 0x00100000-0x000fffff 64bit pref] to [bus 7f] add_size 200000 add_align 100000
pci 0000:5c:04.0: bridge window [mem 0x00100000-0x000fffff] to [bus 7f] add_size 200000 add_align 100000
pci 0000:5c:06.0: bridge window [io  0x1000-0x0fff] to [bus a1] add_size 1000
pci 0000:5c:06.0: bridge window [mem 0x00100000-0x000fffff 64bit pref] to [bus a1] add_size 200000 add_align 100000
pci 0000:5c:06.0: bridge window [mem 0x00100000-0x000fffff] to [bus a1] add_size 200000 add_align 100000
pci 0000:a3:00.0: bridge window [io  0x1000-0x0fff] to [bus a4] add_size 1000
pci 0000:a3:00.0: bridge window [mem 0x00100000-0x000fffff 64bit pref] to [bus a4] add_size 200000 add_align 100000
pci 0000:a3:04.0: bridge window [io  0x1000-0x0fff] to [bus c6] add_size 1000
pci 0000:a3:04.0: bridge window [mem 0x00100000-0x000fffff 64bit pref] to [bus c6] add_size 200000 add_align 100000
pci 0000:a3:04.0: bridge window [mem 0x00100000-0x000fffff] to [bus c6] add_size 200000 add_align 100000
pci 0000:a3:06.0: bridge window [io  0x1000-0x0fff] to [bus e8] add_size 1000
pci 0000:a3:06.0: bridge window [mem 0x00100000-0x000fffff 64bit pref] to [bus e8] add_size 200000 add_align 100000
pci 0000:a3:06.0: bridge window [mem 0x00100000-0x000fffff] to [bus e8] add_size 200000 add_align 100000
pci 0000:11:01.0: PCI bridge to [bus 12]
pci 0000:11:01.0:   bridge window [mem 0xa0900000-0xa09fffff]
pci 0000:15:00.0: BAR 15: assigned [mem 0xa0c00000-0xa0dfffff 64bit pref]
pci 0000:15:04.0: BAR 14: assigned [mem 0xa0e00000-0xa0ffffff]
pci 0000:15:04.0: BAR 15: assigned [mem 0xa1000000-0xa11fffff 64bit pref]
pci 0000:15:06.0: BAR 14: assigned [mem 0xa1200000-0xa13fffff]
pci 0000:15:06.0: BAR 15: assigned [mem 0xa1400000-0xa15fffff 64bit pref]
pci 0000:15:00.0: BAR 13: no space for [io  size 0x1000]
pci 0000:15:00.0: BAR 13: failed to assign [io  size 0x1000]
pci 0000:15:04.0: BAR 13: no space for [io  size 0x1000]
pci 0000:15:04.0: BAR 13: failed to assign [io  size 0x1000]
pci 0000:15:06.0: BAR 13: no space for [io  size 0x1000]
pci 0000:15:06.0: BAR 13: failed to assign [io  size 0x1000]
pci 0000:15:06.0: BAR 13: no space for [io  size 0x1000]
pci 0000:15:06.0: BAR 13: failed to assign [io  size 0x1000]
pci 0000:15:04.0: BAR 13: no space for [io  size 0x1000]
pci 0000:15:04.0: BAR 13: failed to assign [io  size 0x1000]
pci 0000:15:00.0: BAR 13: no space for [io  size 0x1000]
pci 0000:15:00.0: BAR 13: failed to assign [io  size 0x1000]
pci 0000:15:00.0: PCI bridge to [bus 16]
pci 0000:15:00.0:   bridge window [mem 0xa0a00000-0xa0afffff]
pci 0000:15:00.0:   bridge window [mem 0xa0c00000-0xa0dfffff 64bit pref]
pci 0000:19:00.0: BAR 6: assigned [mem 0xa0b10000-0xa0b1ffff pref]
pci 0000:18:00.0: PCI bridge to [bus 19]
pci 0000:18:00.0:   bridge window [io  0x5000-0x5fff]
pci 0000:18:00.0:   bridge window [mem 0xa0b00000-0xa0bfffff]
pci 0000:17:00.0: PCI bridge to [bus 18-19]
pci 0000:17:00.0:   bridge window [io  0x5000-0x5fff]
pci 0000:17:00.0:   bridge window [mem 0xa0b00000-0xa0bfffff]
pci 0000:15:03.0: PCI bridge to [bus 17-19]
pci 0000:15:03.0:   bridge window [io  0x5000-0x5fff]
pci 0000:15:03.0:   bridge window [mem 0xa0b00000-0xa0bfffff]
pci 0000:15:03.0:   bridge window [mem 0xbfa00000-0xc4bfffff 64bit pref]
pci 0000:15:04.0: PCI bridge to [bus 38]
pci 0000:15:04.0:   bridge window [mem 0xa0e00000-0xa0ffffff]
pci 0000:15:04.0:   bridge window [mem 0xa1000000-0xa11fffff 64bit pref]
pci 0000:15:05.0: PCI bridge to [bus 39-59]
pci 0000:15:05.0:   bridge window [io  0x6000-0x6fff]
pci 0000:15:05.0:   bridge window [mem 0xa5d00000-0xaaefffff]
pci 0000:15:05.0:   bridge window [mem 0xc4c00000-0xc9dfffff 64bit pref]
pci 0000:15:06.0: PCI bridge to [bus 5a]
pci 0000:15:06.0:   bridge window [mem 0xa1200000-0xa13fffff]
pci 0000:15:06.0:   bridge window [mem 0xa1400000-0xa15fffff 64bit pref]
pci 0000:14:00.0: PCI bridge to [bus 15-5a]
pci 0000:14:00.0:   bridge window [io  0x5000-0x6fff]
pci 0000:14:00.0:   bridge window [mem 0xa0a00000-0xaaefffff]
pci 0000:14:00.0:   bridge window [mem 0xbfa00000-0xc9dfffff 64bit pref]
pci 0000:11:02.0: PCI bridge to [bus 14-5a]
pci 0000:11:02.0:   bridge window [io  0x5000-0x6fff]
pci 0000:11:02.0:   bridge window [mem 0xa0a00000-0xaaefffff]
pci 0000:11:02.0:   bridge window [mem 0xbfa00000-0xc9dfffff 64bit pref]
pci 0000:11:08.0: PCI bridge to [bus 13]
pci 0000:5c:00.0: BAR 15: no space for [mem size 0x00200000 64bit pref]
pci 0000:5c:00.0: BAR 15: failed to assign [mem size 0x00200000 64bit pref]
pci 0000:5c:04.0: BAR 14: no space for [mem size 0x00200000]
pci 0000:5c:04.0: BAR 14: failed to assign [mem size 0x00200000]
pci 0000:5c:04.0: BAR 15: no space for [mem size 0x00200000 64bit pref]
pci 0000:5c:04.0: BAR 15: failed to assign [mem size 0x00200000 64bit pref]
pci 0000:5c:06.0: BAR 14: no space for [mem size 0x00200000]
pci 0000:5c:06.0: BAR 14: failed to assign [mem size 0x00200000]
pci 0000:5c:06.0: BAR 15: no space for [mem size 0x00200000 64bit pref]
pci 0000:5c:06.0: BAR 15: failed to assign [mem size 0x00200000 64bit pref]
pci 0000:5c:00.0: BAR 13: no space for [io  size 0x1000]
pci 0000:5c:00.0: BAR 13: failed to assign [io  size 0x1000]
pci 0000:5c:04.0: BAR 13: no space for [io  size 0x1000]
pci 0000:5c:04.0: BAR 13: failed to assign [io  size 0x1000]
pci 0000:5c:06.0: BAR 13: no space for [io  size 0x1000]
pci 0000:5c:06.0: BAR 13: failed to assign [io  size 0x1000]
pci 0000:5c:06.0: BAR 14: no space for [mem size 0x00200000]
pci 0000:5c:06.0: BAR 14: failed to assign [mem size 0x00200000]
pci 0000:5c:06.0: BAR 15: no space for [mem size 0x00200000 64bit pref]
pci 0000:5c:06.0: BAR 15: failed to assign [mem size 0x00200000 64bit pref]
pci 0000:5c:06.0: BAR 13: no space for [io  size 0x1000]
pci 0000:5c:06.0: BAR 13: failed to assign [io  size 0x1000]
pci 0000:5c:04.0: BAR 14: no space for [mem size 0x00200000]
pci 0000:5c:04.0: BAR 14: failed to assign [mem size 0x00200000]
pci 0000:5c:04.0: BAR 15: no space for [mem size 0x00200000 64bit pref]
pci 0000:5c:04.0: BAR 15: failed to assign [mem size 0x00200000 64bit pref]
pci 0000:5c:04.0: BAR 13: no space for [io  size 0x1000]
pci 0000:5c:04.0: BAR 13: failed to assign [io  size 0x1000]
pci 0000:5c:00.0: BAR 15: no space for [mem size 0x00200000 64bit pref]
pci 0000:5c:00.0: BAR 15: failed to assign [mem size 0x00200000 64bit pref]
pci 0000:5c:00.0: BAR 13: no space for [io  size 0x1000]
pci 0000:5c:00.0: BAR 13: failed to assign [io  size 0x1000]
pci 0000:5c:00.0: PCI bridge to [bus 5d]
pci 0000:5c:00.0:   bridge window [mem 0xaaf00000-0xaaffffff]
pci 0000:5c:03.0: PCI bridge to [bus 5e-7e]
pci 0000:5c:03.0:   bridge window [io  0x7000-0x7fff]
pci 0000:5c:03.0:   bridge window [mem 0xab000000-0xb01fffff]
pci 0000:5c:03.0:   bridge window [mem 0xc9e00000-0xceffffff 64bit pref]
pci 0000:5c:04.0: PCI bridge to [bus 7f]
pci 0000:5c:05.0: PCI bridge to [bus 80-a0]
pci 0000:5c:05.0:   bridge window [io  0x8000-0x8fff]
pci 0000:5c:05.0:   bridge window [mem 0xb0200000-0xb53fffff]
pci 0000:5c:05.0:   bridge window [mem 0xcf000000-0xd41fffff 64bit pref]
pci 0000:5c:06.0: PCI bridge to [bus a1]
pci 0000:5b:00.0: PCI bridge to [bus 5c-a1]
pci 0000:5b:00.0:   bridge window [io  0x7000-0x8fff]
pci 0000:5b:00.0:   bridge window [mem 0xaaf00000-0xb53fffff]
pci 0000:5b:00.0:   bridge window [mem 0xc9e00000-0xd41fffff 64bit pref]
pci 0000:11:09.0: PCI bridge to [bus 5b-a1]
pci 0000:11:09.0:   bridge window [io  0x7000-0x8fff]
pci 0000:11:09.0:   bridge window [mem 0xaaf00000-0xb53fffff]
pci 0000:11:09.0:   bridge window [mem 0xc9e00000-0xd41fffff 64bit pref]
pci 0000:a3:00.0: BAR 15: no space for [mem size 0x00200000 64bit pref]
pci 0000:a3:00.0: BAR 15: failed to assign [mem size 0x00200000 64bit pref]
pci 0000:a3:04.0: BAR 14: no space for [mem size 0x00200000]
pci 0000:a3:04.0: BAR 14: failed to assign [mem size 0x00200000]
pci 0000:a3:04.0: BAR 15: no space for [mem size 0x00200000 64bit pref]
pci 0000:a3:04.0: BAR 15: failed to assign [mem size 0x00200000 64bit pref]
pci 0000:a3:06.0: BAR 14: no space for [mem size 0x00200000]
pci 0000:a3:06.0: BAR 14: failed to assign [mem size 0x00200000]
pci 0000:a3:06.0: BAR 15: no space for [mem size 0x00200000 64bit pref]
pci 0000:a3:06.0: BAR 15: failed to assign [mem size 0x00200000 64bit pref]
pci 0000:a3:00.0: BAR 13: no space for [io  size 0x1000]
pci 0000:a3:00.0: BAR 13: failed to assign [io  size 0x1000]
pci 0000:a3:04.0: BAR 13: no space for [io  size 0x1000]
pci 0000:a3:04.0: BAR 13: failed to assign [io  size 0x1000]
pci 0000:a3:06.0: BAR 13: no space for [io  size 0x1000]
pci 0000:a3:06.0: BAR 13: failed to assign [io  size 0x1000]
pci 0000:a3:06.0: BAR 14: no space for [mem size 0x00200000]
pci 0000:a3:06.0: BAR 14: failed to assign [mem size 0x00200000]
pci 0000:a3:06.0: BAR 15: no space for [mem size 0x00200000 64bit pref]
pci 0000:a3:06.0: BAR 15: failed to assign [mem size 0x00200000 64bit pref]
pci 0000:a3:06.0: BAR 13: no space for [io  size 0x1000]
pci 0000:a3:06.0: BAR 13: failed to assign [io  size 0x1000]
pci 0000:a3:04.0: BAR 14: no space for [mem size 0x00200000]
pci 0000:a3:04.0: BAR 14: failed to assign [mem size 0x00200000]
pci 0000:a3:04.0: BAR 15: no space for [mem size 0x00200000 64bit pref]
pci 0000:a3:04.0: BAR 15: failed to assign [mem size 0x00200000 64bit pref]
pci 0000:a3:04.0: BAR 13: no space for [io  size 0x1000]
pci 0000:a3:04.0: BAR 13: failed to assign [io  size 0x1000]
pci 0000:a3:00.0: BAR 15: no space for [mem size 0x00200000 64bit pref]
pci 0000:a3:00.0: BAR 15: failed to assign [mem size 0x00200000 64bit pref]
pci 0000:a3:00.0: BAR 13: no space for [io  size 0x1000]
pci 0000:a3:00.0: BAR 13: failed to assign [io  size 0x1000]
pci 0000:a3:00.0: PCI bridge to [bus a4]
pci 0000:a3:00.0:   bridge window [mem 0xb5400000-0xb54fffff]
pci 0000:a3:03.0: PCI bridge to [bus a5-c5]
pci 0000:a3:03.0:   bridge window [io  0x9000-0x9fff]
pci 0000:a3:03.0:   bridge window [mem 0xb5500000-0xba6fffff]
pci 0000:a3:03.0:   bridge window [mem 0xd4200000-0xd93fffff 64bit pref]
pci 0000:a3:04.0: PCI bridge to [bus c6]
pci 0000:a3:05.0: PCI bridge to [bus c7-e7]
pci 0000:a3:05.0:   bridge window [io  0xa000-0xafff]
pci 0000:a3:05.0:   bridge window [mem 0xba700000-0xbf8fffff]
pci 0000:a3:05.0:   bridge window [mem 0xd9400000-0xde5fffff 64bit pref]
pci 0000:a3:06.0: PCI bridge to [bus e8]
pci 0000:a2:00.0: PCI bridge to [bus a3-e8]
pci 0000:a2:00.0:   bridge window [io  0x9000-0xafff]
pci 0000:a2:00.0:   bridge window [mem 0xb5400000-0xbf8fffff]
pci 0000:a2:00.0:   bridge window [mem 0xd4200000-0xde5fffff 64bit pref]
pci 0000:11:0a.0: PCI bridge to [bus a2-e8]
pci 0000:11:0a.0:   bridge window [io  0x9000-0xafff]
pci 0000:11:0a.0:   bridge window [mem 0xb5400000-0xbf8fffff]
pci 0000:11:0a.0:   bridge window [mem 0xd4200000-0xde5fffff 64bit pref]
pci 0000:10:00.0: PCI bridge to [bus 11-e8]
pci 0000:10:00.0:   bridge window [io  0x5000-0xafff]
pci 0000:10:00.0:   bridge window [mem 0xa0900000-0xbf8fffff]
pci 0000:10:00.0:   bridge window [mem 0xbfa00000-0xde5fffff 64bit pref]
pci 0000:00:01.0: PCI bridge to [bus 10-e8]
pci 0000:00:01.0:   bridge window [io  0x5000-0xafff]
pci 0000:00:01.0:   bridge window [mem 0xa0900000-0xbf9fffff]
pci 0000:00:01.0:   bridge window [mem 0xbfa00000-0xde5fffff 64bit pref]
pci 0000:00:02.0: PCI bridge to [bus 02]
pci 0000:00:02.0:   bridge window [io  0x3000-0x3fff]
pci 0000:00:02.0:   bridge window [mem 0xa0700000-0xa07fffff]
pci 0000:00:02.0:   bridge window [mem 0x80000000-0x8fffffff 64bit pref]
pci 0000:00:03.0: PCI bridge to [bus 06]
pci 0000:00:03.0:   bridge window [io  0x2000-0x2fff]
pci 0000:00:03.0:   bridge window [mem 0xa0600000-0xa06fffff]
pci 0000:00:03.0:   bridge window [mem 0x90000000-0x9fffffff 64bit pref]
pci 0000:00:11.0: PCI bridge to [bus 0a]
pci 0000:00:1c.0: PCI bridge to [bus 0b]
pci 0000:00:1c.0:   bridge window [mem 0xa0300000-0xa03fffff 64bit pref]
pci 0000:00:1c.1: PCI bridge to [bus 0c]
pci 0000:00:1c.1:   bridge window [mem 0xa0400000-0xa04fffff 64bit pref]
pci 0000:00:1c.2: PCI bridge to [bus 0d]
pci 0000:00:1c.2:   bridge window [mem 0xa0000000-0xa02fffff]
pci 0000:00:1c.4: PCI bridge to [bus 0e]
pci 0000:00:1c.4:   bridge window [mem 0xa0500000-0xa05fffff]
pci 0000:00:1e.0: PCI bridge to [bus 0f]
pci_bus 0000:00: resource 4 [io  0x0000-0x0cf7 window]
pci_bus 0000:00: resource 5 [io  0x1000-0xbfff window]
pci_bus 0000:00: resource 6 [mem 0x000a0000-0x000bffff window]
pci_bus 0000:00: resource 7 [mem 0x000c4000-0x000cbfff window]
pci_bus 0000:00: resource 8 [mem 0xfed40000-0xfedfffff window]
pci_bus 0000:00: resource 9 [mem 0x80000000-0xdfffffff window]
pci_bus 0000:10: resource 0 [io  0x5000-0xafff]
pci_bus 0000:10: resource 1 [mem 0xa0900000-0xbf9fffff]
pci_bus 0000:10: resource 2 [mem 0xbfa00000-0xde5fffff 64bit pref]
pci_bus 0000:11: resource 0 [io  0x5000-0xafff]
pci_bus 0000:11: resource 1 [mem 0xa0900000-0xbf8fffff]
pci_bus 0000:11: resource 2 [mem 0xbfa00000-0xde5fffff 64bit pref]
pci_bus 0000:12: resource 1 [mem 0xa0900000-0xa09fffff]
pci_bus 0000:14: resource 0 [io  0x5000-0x6fff]
pci_bus 0000:14: resource 1 [mem 0xa0a00000-0xaaefffff]
pci_bus 0000:14: resource 2 [mem 0xbfa00000-0xc9dfffff 64bit pref]
pci_bus 0000:15: resource 0 [io  0x5000-0x6fff]
pci_bus 0000:15: resource 1 [mem 0xa0a00000-0xaaefffff]
pci_bus 0000:15: resource 2 [mem 0xbfa00000-0xc9dfffff 64bit pref]
pci_bus 0000:16: resource 1 [mem 0xa0a00000-0xa0afffff]
pci_bus 0000:16: resource 2 [mem 0xa0c00000-0xa0dfffff 64bit pref]
pci_bus 0000:17: resource 0 [io  0x5000-0x5fff]
pci_bus 0000:17: resource 1 [mem 0xa0b00000-0xa0bfffff]
pci_bus 0000:17: resource 2 [mem 0xbfa00000-0xc4bfffff 64bit pref]
pci_bus 0000:18: resource 0 [io  0x5000-0x5fff]
pci_bus 0000:18: resource 1 [mem 0xa0b00000-0xa0bfffff]
pci_bus 0000:19: resource 0 [io  0x5000-0x5fff]
pci_bus 0000:19: resource 1 [mem 0xa0b00000-0xa0bfffff]
pci_bus 0000:38: resource 1 [mem 0xa0e00000-0xa0ffffff]
pci_bus 0000:38: resource 2 [mem 0xa1000000-0xa11fffff 64bit pref]
pci_bus 0000:39: resource 0 [io  0x6000-0x6fff]
pci_bus 0000:39: resource 1 [mem 0xa5d00000-0xaaefffff]
pci_bus 0000:39: resource 2 [mem 0xc4c00000-0xc9dfffff 64bit pref]
pci_bus 0000:5a: resource 1 [mem 0xa1200000-0xa13fffff]
pci_bus 0000:5a: resource 2 [mem 0xa1400000-0xa15fffff 64bit pref]
pci_bus 0000:5b: resource 0 [io  0x7000-0x8fff]
pci_bus 0000:5b: resource 1 [mem 0xaaf00000-0xb53fffff]
pci_bus 0000:5b: resource 2 [mem 0xc9e00000-0xd41fffff 64bit pref]
pci_bus 0000:5c: resource 0 [io  0x7000-0x8fff]
pci_bus 0000:5c: resource 1 [mem 0xaaf00000-0xb53fffff]
pci_bus 0000:5c: resource 2 [mem 0xc9e00000-0xd41fffff 64bit pref]
pci_bus 0000:5d: resource 1 [mem 0xaaf00000-0xaaffffff]
pci_bus 0000:5e: resource 0 [io  0x7000-0x7fff]
pci_bus 0000:5e: resource 1 [mem 0xab000000-0xb01fffff]
pci_bus 0000:5e: resource 2 [mem 0xc9e00000-0xceffffff 64bit pref]
pci_bus 0000:80: resource 0 [io  0x8000-0x8fff]
pci_bus 0000:80: resource 1 [mem 0xb0200000-0xb53fffff]
pci_bus 0000:80: resource 2 [mem 0xcf000000-0xd41fffff 64bit pref]
pci_bus 0000:a2: resource 0 [io  0x9000-0xafff]
pci_bus 0000:a2: resource 1 [mem 0xb5400000-0xbf8fffff]
pci_bus 0000:a2: resource 2 [mem 0xd4200000-0xde5fffff 64bit pref]
pci_bus 0000:a3: resource 0 [io  0x9000-0xafff]
pci_bus 0000:a3: resource 1 [mem 0xb5400000-0xbf8fffff]
pci_bus 0000:a3: resource 2 [mem 0xd4200000-0xde5fffff 64bit pref]
pci_bus 0000:a4: resource 1 [mem 0xb5400000-0xb54fffff]
pci_bus 0000:a5: resource 0 [io  0x9000-0x9fff]
pci_bus 0000:a5: resource 1 [mem 0xb5500000-0xba6fffff]
pci_bus 0000:a5: resource 2 [mem 0xd4200000-0xd93fffff 64bit pref]
pci_bus 0000:c7: resource 0 [io  0xa000-0xafff]
pci_bus 0000:c7: resource 1 [mem 0xba700000-0xbf8fffff]
pci_bus 0000:c7: resource 2 [mem 0xd9400000-0xde5fffff 64bit pref]
pci_bus 0000:02: resource 0 [io  0x3000-0x3fff]
pci_bus 0000:02: resource 1 [mem 0xa0700000-0xa07fffff]
pci_bus 0000:02: resource 2 [mem 0x80000000-0x8fffffff 64bit pref]
pci_bus 0000:06: resource 0 [io  0x2000-0x2fff]
pci_bus 0000:06: resource 1 [mem 0xa0600000-0xa06fffff]
pci_bus 0000:06: resource 2 [mem 0x90000000-0x9fffffff 64bit pref]
pci_bus 0000:0b: resource 2 [mem 0xa0300000-0xa03fffff 64bit pref]
pci_bus 0000:0c: resource 2 [mem 0xa0400000-0xa04fffff 64bit pref]
pci_bus 0000:0d: resource 1 [mem 0xa0000000-0xa02fffff]
pci_bus 0000:0e: resource 1 [mem 0xa0500000-0xa05fffff]
pci_bus 0000:0f: resource 4 [io  0x0000-0x0cf7 window]
pci_bus 0000:0f: resource 5 [io  0x1000-0xbfff window]
pci_bus 0000:0f: resource 6 [mem 0x000a0000-0x000bffff window]
pci_bus 0000:0f: resource 7 [mem 0x000c4000-0x000cbfff window]
pci_bus 0000:0f: resource 8 [mem 0xfed40000-0xfedfffff window]
pci_bus 0000:0f: resource 9 [mem 0x80000000-0xdfffffff window]
pci_bus 0000:ff: resource 4 [io  0x0000-0xffff]
pci_bus 0000:ff: resource 5 [mem 0x00000000-0x3fffffffffff]
NET: Registered protocol family 2
TCP established hash table entries: 262144 (order: 9, 2097152 bytes)
TCP bind hash table entries: 65536 (order: 8, 1048576 bytes)
TCP: Hash tables configured (established 262144 bind 65536)
UDP hash table entries: 16384 (order: 7, 524288 bytes)
UDP-Lite hash table entries: 16384 (order: 7, 524288 bytes)
NET: Registered protocol family 1
PCI: CLS mismatch (128 != 256), using 64 bytes
Unpacking initramfs...
Freeing initrd memory: 56400K
PCI-DMA: Using software bounce buffering for IO (SWIOTLB)
software IO TLB [mem 0x676c1000-0x6b6c1000] (64MB) mapped at [00000000c309351e-00000000bc3c94a2]
Scanning for low memory corruption every 60 seconds
Initialise system trusted keyrings
Key type blacklist registered
workingset: timestamp_bits=36 max_order=23 bucket_order=0
zbud: loaded
squashfs: version 4.0 (2009/01/31) Phillip Lougher
fuse init (API version 7.26)
Key type asymmetric registered
Asymmetric key parser 'x509' registered
Block layer SCSI generic (bsg) driver version 0.4 loaded (major 246)
io scheduler noop registered
io scheduler deadline registered
io scheduler cfq registered (default)
pcieport 0000:15:04.0: enabling device (0000 -> 0002)
pcieport 0000:15:05.0: enabling device (0000 -> 0003)
pcieport 0000:15:06.0: enabling device (0000 -> 0002)
pcieport 0000:5c:03.0: enabling device (0000 -> 0003)
pcieport 0000:5c:05.0: enabling device (0000 -> 0003)
pcieport 0000:a3:03.0: enabling device (0000 -> 0003)
pcieport 0000:a3:05.0: enabling device (0000 -> 0003)
pcieport 0000:00:01.0: AER enabled with IRQ 27
pcieport 0000:00:02.0: AER enabled with IRQ 28
pcieport 0000:00:03.0: AER enabled with IRQ 29
pcieport 0000:00:11.0: AER enabled with IRQ 30
pciehp 0000:00:01.0:pcie004: Slot #4 AttnBtn+ PwrCtrl+ MRL- AttnInd+ PwrInd+ HotPlug+ Surprise- Interlock- NoCompl- LLActRep+
pciehp 0000:00:02.0:pcie004: Slot #3 AttnBtn+ PwrCtrl+ MRL- AttnInd+ PwrInd+ HotPlug+ Surprise- Interlock- NoCompl- LLActRep+
pciehp 0000:00:03.0:pcie004: Slot #5 AttnBtn+ PwrCtrl+ MRL- AttnInd+ PwrInd+ HotPlug+ Surprise- Interlock- NoCompl- LLActRep+
pciehp 0000:15:00.0:pcie204: Slot #0 AttnBtn- PwrCtrl- MRL- AttnInd- PwrInd- HotPlug+ Surprise+ Interlock- NoCompl+ LLActRep+
pciehp 0000:15:03.0:pcie204: Slot #3 AttnBtn- PwrCtrl- MRL- AttnInd- PwrInd- HotPlug+ Surprise+ Interlock- NoCompl+ LLActRep+
pciehp 0000:15:04.0:pcie204: Slot #4 AttnBtn- PwrCtrl- MRL- AttnInd- PwrInd- HotPlug+ Surprise+ Interlock- NoCompl+ LLActRep+
pciehp 0000:15:05.0:pcie204: Slot #5 AttnBtn- PwrCtrl- MRL- AttnInd- PwrInd- HotPlug+ Surprise+ Interlock- NoCompl+ LLActRep+
pciehp 0000:15:06.0:pcie204: Slot #6 AttnBtn- PwrCtrl- MRL- AttnInd- PwrInd- HotPlug+ Surprise+ Interlock- NoCompl+ LLActRep+
pciehp 0000:5c:00.0:pcie204: Slot #0 AttnBtn- PwrCtrl- MRL- AttnInd- PwrInd- HotPlug+ Surprise+ Interlock- NoCompl+ LLActRep+
pciehp 0000:5c:03.0:pcie204: Slot #3 AttnBtn- PwrCtrl- MRL- AttnInd- PwrInd- HotPlug+ Surprise+ Interlock- NoCompl+ LLActRep+
pciehp 0000:5c:04.0:pcie204: Slot #4 AttnBtn- PwrCtrl- MRL- AttnInd- PwrInd- HotPlug+ Surprise+ Interlock- NoCompl+ LLActRep+
pciehp 0000:5c:05.0:pcie204: Slot #5 AttnBtn- PwrCtrl- MRL- AttnInd- PwrInd- HotPlug+ Surprise+ Interlock- NoCompl+ LLActRep+
pciehp 0000:5c:06.0:pcie204: Slot #6 AttnBtn- PwrCtrl- MRL- AttnInd- PwrInd- HotPlug+ Surprise+ Interlock- NoCompl+ LLActRep+
pciehp 0000:a3:00.0:pcie204: Slot #0 AttnBtn- PwrCtrl- MRL- AttnInd- PwrInd- HotPlug+ Surprise+ Interlock- NoCompl+ LLActRep+
pciehp 0000:a3:03.0:pcie204: Slot #3 AttnBtn- PwrCtrl- MRL- AttnInd- PwrInd- HotPlug+ Surprise+ Interlock- NoCompl+ LLActRep+
pciehp 0000:a3:04.0:pcie204: Slot #4 AttnBtn- PwrCtrl- MRL- AttnInd- PwrInd- HotPlug+ Surprise+ Interlock- NoCompl+ LLActRep+
pciehp 0000:a3:05.0:pcie204: Slot #5 AttnBtn- PwrCtrl- MRL- AttnInd- PwrInd- HotPlug+ Surprise+ Interlock- NoCompl+ LLActRep+
pciehp 0000:a3:06.0:pcie204: Slot #6 AttnBtn- PwrCtrl- MRL- AttnInd- PwrInd- HotPlug+ Surprise+ Interlock- NoCompl+ LLActRep+
efifb: probing for efifb
efifb: framebuffer at 0x90180000, using 32448k, total 32448k
efifb: mode is 3840x2160x32, linelength=15360, pages=1
efifb: scrolling: redraw
efifb: Truecolor: size=8:8:8:8, shift=24:16:8:0
Console: switching to colour frame buffer device 480x135
fb0: EFI VGA frame buffer device
intel_idle: MWAIT substates: 0x1120
intel_idle: v0.4.1 model 0x3E
intel_idle: lapic_timer_reliable_states 0xffffffff
input: Power Button as /devices/LNXSYSTM:00/LNXSYBUS:00/PNP0C0C:00/input/input0
ACPI: Power Button [PWRB]
input: Sleep Button as /devices/LNXSYSTM:00/LNXSYBUS:00/PNP0C0E:00/input/input1
ACPI: Sleep Button [SLPB]
input: Power Button as /devices/LNXSYSTM:00/LNXPWRBN:00/input/input2
ACPI: Power Button [PWRF]
Linux agpgart interface v0.103
loop: module loaded
libphy: Fixed MDIO Bus: probed
tun: Universal TUN/TAP device driver, 1.6
PPP generic driver version 2.4.2
ehci_hcd: USB 2.0 'Enhanced' Host Controller (EHCI) Driver
ehci-pci: EHCI PCI platform driver
ehci-pci 0000:00:1d.0: EHCI Host Controller
ehci-pci 0000:00:1d.0: new USB bus registered, assigned bus number 1
ehci-pci 0000:00:1d.0: debug port 2
ehci-pci 0000:00:1d.0: cache line size of 64 is not supported
ehci-pci 0000:00:1d.0: irq 23, io mem 0xa0827800
ehci-pci 0000:00:1d.0: USB 2.0 started, EHCI 1.00
usb usb1: New USB device found, idVendor=1d6b, idProduct=0002
usb usb1: New USB device strings: Mfr=3, Product=2, SerialNumber=1
usb usb1: Product: EHCI Host Controller
usb usb1: Manufacturer: Linux 4.15.0-20-generic ehci_hcd
usb usb1: SerialNumber: 0000:00:1d.0
hub 1-0:1.0: USB hub found
hub 1-0:1.0: 2 ports detected
ehci-platform: EHCI generic platform driver
ohci_hcd: USB 1.1 'Open' Host Controller (OHCI) Driver
ohci-pci: OHCI PCI platform driver
ohci-platform: OHCI generic platform driver
uhci_hcd: USB Universal Host Controller Interface driver
xhci_hcd 0000:12:00.0: xHCI Host Controller
xhci_hcd 0000:12:00.0: new USB bus registered, assigned bus number 2
xhci_hcd 0000:12:00.0: hcc params 0x200071e1 hci version 0x100 quirks 0x00000010
usb usb2: New USB device found, idVendor=1d6b, idProduct=0002
usb usb2: New USB device strings: Mfr=3, Product=2, SerialNumber=1
usb usb2: Product: xHCI Host Controller
usb usb2: Manufacturer: Linux 4.15.0-20-generic xhci-hcd
usb usb2: SerialNumber: 0000:12:00.0
hub 2-0:1.0: USB hub found
hub 2-0:1.0: 4 ports detected
xhci_hcd 0000:12:00.0: xHCI Host Controller
xhci_hcd 0000:12:00.0: new USB bus registered, assigned bus number 3
usb usb3: We don't know the algorithms for LPM for this host, disabling LPM.
usb usb3: New USB device found, idVendor=1d6b, idProduct=0003
usb usb3: New USB device strings: Mfr=3, Product=2, SerialNumber=1
usb usb3: Product: xHCI Host Controller
usb usb3: Manufacturer: Linux 4.15.0-20-generic xhci-hcd
usb usb3: SerialNumber: 0000:12:00.0
hub 3-0:1.0: USB hub found
hub 3-0:1.0: 4 ports detected
i8042: PNP: No PS/2 controller found.
mousedev: PS/2 mouse device common for all mice
rtc_cmos 00:03: RTC can wake from S4
rtc_cmos 00:03: rtc core: registered rtc_cmos as rtc0
rtc_cmos 00:03: alarms up to one month, y3k, 242 bytes nvram, hpet irqs
i2c /dev entries driver
device-mapper: uevent: version 1.0.3
device-mapper: ioctl: 4.37.0-ioctl (2017-09-20) initialised: dm-devel@redhat.com
intel_pstate: Intel P-state driver initializing
ledtrig-cpu: registered to indicate activity on CPUs
EFI Variables Facility v0.08 2004-May-17
NET: Registered protocol family 10
Segment Routing with IPv6
NET: Registered protocol family 17
Key type dns_resolver registered
RAS: Correctable Errors collector initialized.
microcode: sig=0x306e4, pf=0x1, revision=0x42c
microcode: Microcode Update Driver: v2.2.
sched_clock: Marking stable (1596430790, 0)->(1639833527, -43402737)
registered taskstats version 1
Loading compiled-in X.509 certificates
Loaded X.509 cert 'Build time autogenerated kernel key: f4ad6a5babf67650e4ceb385fa5dda8e4a178208'
Couldn't get size: 0x800000000000000e
MODSIGN: Couldn't get UEFI db list
Couldn't get size: 0x800000000000000e
MODSIGN: Couldn't get UEFI MokListRT
Couldn't get size: 0x800000000000000e
MODSIGN: Couldn't get UEFI dbx list
zswap: loaded using pool lzo/zbud
Key type big_key registered
Key type trusted registered
Key type encrypted registered
AppArmor: AppArmor sha1 policy hashing enabled
ima: No TPM chip found, activating TPM-bypass! (rc=-19)
evm: HMAC attrs: 0x1
  Magic number: 3:769:606
rtc_cmos 00:03: setting system clock to 2019-01-31 23:34:04 UTC (1548977644)
BIOS EDD facility v0.16 2004-Jun-25, 0 devices found
EDD information not available.
Freeing unused kernel memory: 2404K
Write protecting the kernel read-only data: 20480k
Freeing unused kernel memory: 2008K
Freeing unused kernel memory: 1904K
x86/mm: Checked W+X mappings: passed, no W+X pages found.
x86/mm: Checking user space page tables
x86/mm: Checked W+X mappings: passed, no W+X pages found.
usb 1-1: new high-speed USB device number 2 using ehci-pci
usb 2-1: new low-speed USB device number 2 using xhci_hcd
thunderbolt 0000:16:00.0: NHI initialized, starting thunderbolt
thunderbolt 0000:16:00.0: allocating TX ring 0 of size 10
thunderbolt 0000:16:00.0: allocating RX ring 0 of size 10
thunderbolt 0000:16:00.0: control channel created
thunderbolt 0000:16:00.0: control channel starting...
thunderbolt 0000:16:00.0: starting TX ring 0
thunderbolt 0000:16:00.0: enabling interrupt at register 0x38200 bit 0 (0x0 -> 0x1)
thunderbolt 0000:16:00.0: starting RX ring 0
thunderbolt 0000:16:00.0: enabling interrupt at register 0x38200 bit 12 (0x1 -> 0x1001)
thunderbolt 0000:16:00.0: current switch config:
thunderbolt 0000:16:00.0:  Switch: 8086:156d (Revision: 0, TB Version: 2)
thunderbolt 0000:16:00.0:   Max Port Number: 12
thunderbolt 0000:16:00.0:   Config:
thunderbolt 0000:16:00.0:    Upstream Port Number: 5 Depth: 0 Route String: 0x0 Enabled: 1, PlugEventsDelay: 255ms
thunderbolt 0000:16:00.0:    unknown1: 0x0 unknown4: 0x0
thunderbolt 0000:16:00.0: initializing Switch at 0x0 (depth: 0, up port: 5)
ahci 0000:19:00.0: version 3.0
pps_core: LinuxPPS API ver. 1 registered
pps_core: Software ver. 5.3.6 - Copyright 2005-2007 Rodolfo Giometti <giometti@linux.it>
PTP clock support registered
i801_smbus 0000:00:1f.3: enabling device (0000 -> 0003)
i801_smbus 0000:00:1f.3: SMBus using PCI interrupt
tg3.c:v3.137 (May 11, 2014)
ahci 0000:19:00.0: AHCI 0001.0000 32 slots 4 ports 6 Gbps 0xf impl SATA mode
ahci 0000:19:00.0: flags: 64bit ncq sntf led only pmp fbs pio slum part sxs 
scsi host0: ahci
scsi host1: ahci
scsi host2: ahci
scsi host3: ahci
ata1: SATA max UDMA/133 abar m2048@0xa0b00000 port 0xa0b00100 irq 83
ata2: SATA max UDMA/133 abar m2048@0xa0b00000 port 0xa0b00180 irq 83
ata3: SATA max UDMA/133 abar m2048@0xa0b00000 port 0xa0b00200 irq 83
ata4: SATA max UDMA/133 abar m2048@0xa0b00000 port 0xa0b00280 irq 83
bcma: bus0: Found chip with id 0x4360, rev 0x03 and package 0x00
bcma: bus0: Core 0 found: ChipCommon (manuf 0x4BF, id 0x800, rev 0x2B, class 0x0)
bcma: bus0: Core 1 found: IEEE 802.11 (manuf 0x4BF, id 0x812, rev 0x2A, class 0x0)
bcma: bus0: Core 2 found: ARM CR4 (manuf 0x4BF, id 0x83E, rev 0x02, class 0x0)
bcma: bus0: Core 3 found: PCIe Gen2 (manuf 0x4BF, id 0x83C, rev 0x01, class 0x0)
bcma: bus0: Core 4 found: USB 2.0 Device (manuf 0x4BF, id 0x81A, rev 0x11, class 0x0)
ahci 0000:0e:00.0: AHCI 0001.0300 32 slots 1 ports 6 Gbps 0x1 impl SATA mode
ahci 0000:0e:00.0: flags: 64bit ncq led clo only pio ccc 
bcma: Unsupported SPROM revision: 0
scsi host4: ahci
ata5: SATA max UDMA/133 abar m8192@0xa0500000 port 0xa0500100 irq 84
thunderbolt 0000:16:00.0: 0: uid: 0x1000e018200e0
thunderbolt 0000:16:00.0:  Port 0: 8086:156d (Revision: 0, TB Version: 1, Type: Port (0x1))
thunderbolt 0000:16:00.0:   Max hop id (in/out): 7/7
thunderbolt 0000:16:00.0:   Max counters: 8
thunderbolt 0000:16:00.0:   NFC Credits: 0x700000
thunderbolt 0000:16:00.0:  Port 1: 8086:156d (Revision: 0, TB Version: 1, Type: Port (0x1))
thunderbolt 0000:16:00.0:   Max hop id (in/out): 15/15
thunderbolt 0000:16:00.0:   Max counters: 16
thunderbolt 0000:16:00.0:   NFC Credits: 0x3c00000
thunderbolt 0000:16:00.0:  Port 2: 8086:156d (Revision: 0, TB Version: 1, Type: Port (0x1))
thunderbolt 0000:16:00.0:   Max hop id (in/out): 15/15
thunderbolt 0000:16:00.0:   Max counters: 16
thunderbolt 0000:16:00.0:   NFC Credits: 0x3c00000
thunderbolt 0000:16:00.0:  Port 3: 8086:156d (Revision: 0, TB Version: 1, Type: Port (0x1))
thunderbolt 0000:16:00.0:   Max hop id (in/out): 15/15
thunderbolt 0000:16:00.0:   Max counters: 16
thunderbolt 0000:16:00.0:   NFC Credits: 0x3c00000
thunderbolt 0000:16:00.0:  Port 4: 8086:156d (Revision: 0, TB Version: 1, Type: Port (0x1))
thunderbolt 0000:16:00.0:   Max hop id (in/out): 15/15
thunderbolt 0000:16:00.0:   Max counters: 16
thunderbolt 0000:16:00.0:   NFC Credits: 0x3c00000
thunderbolt 0000:16:00.0:  Port 5: 8086:156d (Revision: 0, TB Version: 1, Type: NHI (0x2))
thunderbolt 0000:16:00.0:   Max hop id (in/out): 11/11
thunderbolt 0000:16:00.0:   Max counters: 16
thunderbolt 0000:16:00.0:   NFC Credits: 0xf00000
thunderbolt 0000:16:00.0:  Port 6: 8086:156d (Revision: 0, TB Version: 1, Type: PCIe (0x100101))
thunderbolt 0000:16:00.0:   Max hop id (in/out): 8/8
thunderbolt 0000:16:00.0:   Max counters: 2
thunderbolt 0000:16:00.0:   NFC Credits: 0x700000
thunderbolt 0000:16:00.0:  Port 7: 8086:156d (Revision: 0, TB Version: 1, Type: PCIe (0x100101))
thunderbolt 0000:16:00.0:   Max hop id (in/out): 8/8
thunderbolt 0000:16:00.0:   Max counters: 2
thunderbolt 0000:16:00.0:   NFC Credits: 0x700000
thunderbolt 0000:16:00.0:  Port 8: 8086:156d (Revision: 0, TB Version: 1, Type: PCIe (0x100101))
thunderbolt 0000:16:00.0:   Max hop id (in/out): 8/8
thunderbolt 0000:16:00.0:   Max counters: 2
thunderbolt 0000:16:00.0:   NFC Credits: 0x700000
thunderbolt 0000:16:00.0:  Port 9: 8086:156d (Revision: 0, TB Version: 1, Type: PCIe (0x100101))
thunderbolt 0000:16:00.0:   Max hop id (in/out): 8/8
thunderbolt 0000:16:00.0:   Max counters: 2
thunderbolt 0000:16:00.0:   NFC Credits: 0x700000
thunderbolt 0000:16:00.0:  Port 10: 8086:156d (Revision: 0, TB Version: 1, Type: DP/HDMI (0xe0102))
thunderbolt 0000:16:00.0:   Max hop id (in/out): 9/9
thunderbolt 0000:16:00.0:   Max counters: 2
thunderbolt 0000:16:00.0:   NFC Credits: 0x700000
thunderbolt 0000:16:00.0:  Port 11: 8086:156d (Revision: 0, TB Version: 1, Type: DP/HDMI (0xe0101))
thunderbolt 0000:16:00.0:   Max hop id (in/out): 9/9
thunderbolt 0000:16:00.0:   Max counters: 2
thunderbolt 0000:16:00.0:   NFC Credits: 0xf00000
thunderbolt 0000:16:00.0:  Port 12: 8086:156d (Revision: 0, TB Version: 1, Type: DP/HDMI (0xe0101))
thunderbolt 0000:16:00.0:   Max hop id (in/out): 9/9
thunderbolt 0000:16:00.0:   Max counters: 2
thunderbolt 0000:16:00.0:   NFC Credits: 0xf00000
thunderbolt 0000:16:00.0: 0:1: is unplugged (state: 7)
thunderbolt 0000:16:00.0: 0:3: is connected, link is up (state: 2)
thunderbolt 0000:16:00.0: current switch config:
thunderbolt 0000:16:00.0:  Switch: 8086:1549 (Revision: 0, TB Version: 1)
thunderbolt 0000:16:00.0:   Max Port Number: 2
thunderbolt 0000:16:00.0:   Config:
thunderbolt 0000:16:00.0:    Upstream Port Number: 1 Depth: 1 Route String: 0x3 Enabled: 1, PlugEventsDelay: 255ms
thunderbolt 0000:16:00.0:    unknown1: 0x0 unknown4: 0x0
thunderbolt 0000:16:00.0: initializing Switch at 0x3 (depth: 1, up port: 1)
bcma: Unsupported SPROM revision: 11
bcma: bus0: Invalid SPROM read from the PCIe card, trying to use fallback SPROM
bcma: bus0: Using fallback SPROM failed (err -2)
bcma: bus0: No SPROM available
bcma: bus0: Bus registered
tg3 0000:0b:00.0 eth0: Tigon3 [partno(BCM957762) rev 57766000] (PCI Express) MAC address 00:3e:e1:cc:e8:72
tg3 0000:0b:00.0 eth0: attached PHY is 57765 (10/100/1000Base-T Ethernet) (WireSpeed[1], EEE[1])
tg3 0000:0b:00.0 eth0: RXcsums[1] LinkChgREG[0] MIirq[0] ASF[0] TSOcap[1]
tg3 0000:0b:00.0 eth0: dma_rwctrl[00000001] dma_mask[64-bit]
[drm] radeon kernel modesetting enabled.
checking generic (90180000 1fb0000) vs hw (90000000 10000000)
fb: switching to radeondrmfb from EFI VGA
Console: switching to colour dummy device 80x25
[drm] initializing kernel modesetting (TAHITI 0x1002:0x6798 0x106B:0x0127 0x00).
ATOM BIOS: Tahiti
[drm] Changing default dispclk from 500Mhz to 600Mhz
radeon 0000:06:00.0: VRAM: 6144M 0x0000000000000000 - 0x000000017FFFFFFF (6144M used)
radeon 0000:06:00.0: GTT: 2048M 0x0000000180000000 - 0x00000001FFFFFFFF
[drm] Detected VRAM RAM=6144M, BAR=256M
[drm] RAM width 384bits DDR
[TTM] Zone  kernel: Available graphics memory: 16454096 kiB
[TTM] Zone   dma32: Available graphics memory: 2097152 kiB
[TTM] Initializing pool allocator
[TTM] Initializing DMA pool allocator
[drm] radeon: 6144M of VRAM memory ready
[drm] radeon: 2048M of GTT memory ready.
[drm] Loading tahiti Microcode
[drm] Internal thermal controller with fan control
[drm] probing gen 2 caps for device 8086:e08 = 37a7d03/e
[drm] radeon: dpm initialized
thunderbolt 0000:16:00.0: 3: reading drom (length: 0x5a)
[drm] Found VCE firmware/feedback version 50.0.1 / 17!
[drm] GART: num cpu pages 524288, num gpu pages 524288
[drm] probing gen 2 caps for device 8086:e08 = 37a7d03/e
[drm] PCIE gen 3 link speeds already enabled
[drm] PCIE GART of 2048M enabled (table at 0x00000000001D6000).
radeon 0000:06:00.0: WB enabled
radeon 0000:06:00.0: fence driver on ring 0 use gpu addr 0x0000000180000c00 and cpu addr 0x00000000545f9a0f
radeon 0000:06:00.0: fence driver on ring 1 use gpu addr 0x0000000180000c04 and cpu addr 0x00000000067be6ea
radeon 0000:06:00.0: fence driver on ring 2 use gpu addr 0x0000000180000c08 and cpu addr 0x00000000eeda29d8
radeon 0000:06:00.0: fence driver on ring 3 use gpu addr 0x0000000180000c0c and cpu addr 0x00000000267186d5
radeon 0000:06:00.0: fence driver on ring 4 use gpu addr 0x0000000180000c10 and cpu addr 0x00000000e6136b4b
radeon 0000:06:00.0: fence driver on ring 5 use gpu addr 0x0000000000075a18 and cpu addr 0x00000000b302317c
radeon 0000:06:00.0: fence driver on ring 6 use gpu addr 0x0000000180000c18 and cpu addr 0x000000006fef61f2
radeon 0000:06:00.0: fence driver on ring 7 use gpu addr 0x0000000180000c1c and cpu addr 0x00000000e3cce80f
[drm] Supports vblank timestamp caching Rev 2 (21.10.2013).
[drm] Driver supports precise vblank timestamp query.
radeon 0000:06:00.0: radeon: MSI limited to 32-bit
radeon 0000:06:00.0: radeon: using MSI.
[drm] radeon: irq initialized.
usb 1-1: New USB device found, idVendor=8087, idProduct=0024
usb 1-1: New USB device strings: Mfr=0, Product=0, SerialNumber=0
hub 1-1:1.0: USB hub found
hub 1-1:1.0: 8 ports detected
tg3 0000:0c:00.0 eth1: Tigon3 [partno(BCM957762) rev 57766000] (PCI Express) MAC address 00:3e:e1:cc:e8:73
tg3 0000:0c:00.0 eth1: attached PHY is 57765 (10/100/1000Base-T Ethernet) (WireSpeed[1], EEE[1])
tg3 0000:0c:00.0 eth1: RXcsums[1] LinkChgREG[0] MIirq[0] ASF[0] TSOcap[1]
tg3 0000:0c:00.0 eth1: dma_rwctrl[00000001] dma_mask[64-bit]
tg3 0000:0c:00.0 enp12s0: renamed from eth1
usb 2-1: New USB device found, idVendor=058f, idProduct=9410
usb 2-1: New USB device strings: Mfr=1, Product=2, SerialNumber=0
usb 2-1: Product: KB800 Kinesis Freestyle
usb 2-1: Manufacturer: KINESIS FREESTYLE KB800
[drm] ring test on 0 succeeded in 1 usecs
[drm] ring test on 1 succeeded in 1 usecs
[drm] ring test on 2 succeeded in 1 usecs
[drm] ring test on 3 succeeded in 3 usecs
[drm] ring test on 4 succeeded in 3 usecs
usb 2-4: new full-speed USB device number 3 using xhci_hcd
ata4: SATA link down (SStatus 0 SControl 300)
ata3: SATA link down (SStatus 0 SControl 300)
ata2: SATA link down (SStatus 0 SControl 300)
ata5: SATA link up 6.0 Gbps (SStatus 133 SControl 300)
thunderbolt 0000:16:00.0: 3: uid: 0x4352120002e570
thunderbolt 0000:16:00.0:  Port 0: 8086:1549 (Revision: 0, TB Version: 1, Type: Port (0x1))
thunderbolt 0000:16:00.0:   Max hop id (in/out): 7/7
thunderbolt 0000:16:00.0:   Max counters: 8
thunderbolt 0000:16:00.0:   NFC Credits: 0x700000
thunderbolt 0000:16:00.0:  Port 1: 8086:1549 (Revision: 0, TB Version: 1, Type: Port (0x1))
thunderbolt 0000:16:00.0:   Max hop id (in/out): 8/8
thunderbolt 0000:16:00.0:   Max counters: 4
thunderbolt 0000:16:00.0:   NFC Credits: 0x3c00000
thunderbolt 0000:16:00.0:  Port 2: 8086:1549 (Revision: 0, TB Version: 1, Type: PCIe (0x100102))
thunderbolt 0000:16:00.0:   Max hop id (in/out): 8/8
thunderbolt 0000:16:00.0:   Max counters: 2
thunderbolt 0000:16:00.0:   NFC Credits: 0x700000
thunderbolt 0000:16:00.0: 3:2: PCIe port already activated, aborting
thunderbolt 0000:5d:00.0: NHI initialized, starting thunderbolt
thunderbolt 0000:5d:00.0: allocating TX ring 0 of size 10
thunderbolt 0000:5d:00.0: allocating RX ring 0 of size 10
thunderbolt 0000:5d:00.0: control channel created
thunderbolt 0000:5d:00.0: control channel starting...
thunderbolt 0000:5d:00.0: starting TX ring 0
thunderbolt 0000:5d:00.0: enabling interrupt at register 0x38200 bit 0 (0x0 -> 0x1)
thunderbolt 0000:5d:00.0: starting RX ring 0
thunderbolt 0000:5d:00.0: enabling interrupt at register 0x38200 bit 12 (0x1 -> 0x1001)
thunderbolt 0000:5d:00.0: current switch config:
thunderbolt 0000:5d:00.0:  Switch: 8086:156d (Revision: 0, TB Version: 2)
thunderbolt 0000:5d:00.0:   Max Port Number: 12
thunderbolt 0000:5d:00.0:   Config:
thunderbolt 0000:5d:00.0:    Upstream Port Number: 5 Depth: 0 Route String: 0x0 Enabled: 1, PlugEventsDelay: 255ms
thunderbolt 0000:5d:00.0:    unknown1: 0x0 unknown4: 0x0
thunderbolt 0000:5d:00.0: initializing Switch at 0x0 (depth: 0, up port: 5)
ata5.00: ACPI cmd ef/90:03:00:00:00:a0 (SET FEATURES) rejected by device (Stat=0x51 Err=0x04)
ata5.00: ATA-8: APPLE SSD SM1024G, BXW8SA0Q, max UDMA/133
ata5.00: 1954210120 sectors, multi 16: LBA48 NCQ (depth 31/32), AA
ata5.00: ACPI cmd ef/90:03:00:00:00:a0 (SET FEATURES) rejected by device (Stat=0x51 Err=0x04)
ata5.00: configured for UDMA/133
usb 1-1.1: new full-speed USB device number 3 using ehci-pci
thunderbolt 0000:5d:00.0: 0: uid: 0x1000e018200d0
thunderbolt 0000:5d:00.0:  Port 0: 8086:156d (Revision: 0, TB Version: 1, Type: Port (0x1))
thunderbolt 0000:5d:00.0:   Max hop id (in/out): 7/7
thunderbolt 0000:5d:00.0:   Max counters: 8
thunderbolt 0000:5d:00.0:   NFC Credits: 0x700000
thunderbolt 0000:5d:00.0:  Port 1: 8086:156d (Revision: 0, TB Version: 1, Type: Port (0x1))
thunderbolt 0000:5d:00.0:   Max hop id (in/out): 15/15
thunderbolt 0000:5d:00.0:   Max counters: 16
thunderbolt 0000:5d:00.0:   NFC Credits: 0x3c00000
thunderbolt 0000:5d:00.0:  Port 2: 8086:156d (Revision: 0, TB Version: 1, Type: Port (0x1))
thunderbolt 0000:5d:00.0:   Max hop id (in/out): 15/15
thunderbolt 0000:5d:00.0:   Max counters: 16
thunderbolt 0000:5d:00.0:   NFC Credits: 0x3c00000
thunderbolt 0000:5d:00.0:  Port 3: 8086:156d (Revision: 0, TB Version: 1, Type: Port (0x1))
thunderbolt 0000:5d:00.0:   Max hop id (in/out): 15/15
thunderbolt 0000:5d:00.0:   Max counters: 16
thunderbolt 0000:5d:00.0:   NFC Credits: 0x3c00000
thunderbolt 0000:5d:00.0:  Port 4: 8086:156d (Revision: 0, TB Version: 1, Type: Port (0x1))
thunderbolt 0000:5d:00.0:   Max hop id (in/out): 15/15
thunderbolt 0000:5d:00.0:   Max counters: 16
thunderbolt 0000:5d:00.0:   NFC Credits: 0x3c00000
thunderbolt 0000:5d:00.0:  Port 5: 8086:156d (Revision: 0, TB Version: 1, Type: NHI (0x2))
thunderbolt 0000:5d:00.0:   Max hop id (in/out): 11/11
thunderbolt 0000:5d:00.0:   Max counters: 16
thunderbolt 0000:5d:00.0:   NFC Credits: 0xf00000
thunderbolt 0000:5d:00.0:  Port 6: 8086:156d (Revision: 0, TB Version: 1, Type: PCIe (0x100101))
thunderbolt 0000:5d:00.0:   Max hop id (in/out): 8/8
thunderbolt 0000:5d:00.0:   Max counters: 2
thunderbolt 0000:5d:00.0:   NFC Credits: 0x700000
thunderbolt 0000:5d:00.0:  Port 7: 8086:156d (Revision: 0, TB Version: 1, Type: PCIe (0x100101))
thunderbolt 0000:5d:00.0:   Max hop id (in/out): 8/8
thunderbolt 0000:5d:00.0:   Max counters: 2
thunderbolt 0000:5d:00.0:   NFC Credits: 0x700000
thunderbolt 0000:5d:00.0:  Port 8: 8086:156d (Revision: 0, TB Version: 1, Type: PCIe (0x100101))
thunderbolt 0000:5d:00.0:   Max hop id (in/out): 8/8
thunderbolt 0000:5d:00.0:   Max counters: 2
thunderbolt 0000:5d:00.0:   NFC Credits: 0x700000
thunderbolt 0000:5d:00.0:  Port 9: 8086:156d (Revision: 0, TB Version: 1, Type: PCIe (0x100101))
thunderbolt 0000:5d:00.0:   Max hop id (in/out): 8/8
thunderbolt 0000:5d:00.0:   Max counters: 2
thunderbolt 0000:5d:00.0:   NFC Credits: 0x700000
thunderbolt 0000:5d:00.0:  Port 10: 8086:156d (Revision: 0, TB Version: 1, Type: DP/HDMI (0xe0102))
thunderbolt 0000:5d:00.0:   Max hop id (in/out): 9/9
thunderbolt 0000:5d:00.0:   Max counters: 2
thunderbolt 0000:5d:00.0:   NFC Credits: 0x700000
thunderbolt 0000:5d:00.0:  Port 11: 8086:156d (Revision: 0, TB Version: 1, Type: DP/HDMI (0xe0101))
thunderbolt 0000:5d:00.0:   Max hop id (in/out): 9/9
thunderbolt 0000:5d:00.0:   Max counters: 2
thunderbolt 0000:5d:00.0:   NFC Credits: 0xf00000
thunderbolt 0000:5d:00.0:  Port 12: 8086:156d (Revision: 0, TB Version: 1, Type: DP/HDMI (0xe0101))
thunderbolt 0000:5d:00.0:   Max hop id (in/out): 9/9
thunderbolt 0000:5d:00.0:   Max counters: 2
thunderbolt 0000:5d:00.0:   NFC Credits: 0xf00000
thunderbolt 0000:5d:00.0: 0:1: is unplugged (state: 7)
thunderbolt 0000:5d:00.0: 0:3: is unplugged (state: 7)
thunderbolt 0000:a4:00.0: NHI initialized, starting thunderbolt
thunderbolt 0000:a4:00.0: allocating TX ring 0 of size 10
thunderbolt 0000:a4:00.0: allocating RX ring 0 of size 10
thunderbolt 0000:a4:00.0: control channel created
thunderbolt 0000:a4:00.0: control channel starting...
thunderbolt 0000:a4:00.0: starting TX ring 0
thunderbolt 0000:a4:00.0: enabling interrupt at register 0x38200 bit 0 (0x0 -> 0x1)
thunderbolt 0000:a4:00.0: starting RX ring 0
thunderbolt 0000:a4:00.0: enabling interrupt at register 0x38200 bit 12 (0x1 -> 0x1001)
thunderbolt 0000:a4:00.0: current switch config:
thunderbolt 0000:a4:00.0:  Switch: 8086:156d (Revision: 0, TB Version: 2)
thunderbolt 0000:a4:00.0:   Max Port Number: 12
thunderbolt 0000:a4:00.0:   Config:
thunderbolt 0000:a4:00.0:    Upstream Port Number: 5 Depth: 0 Route String: 0x0 Enabled: 1, PlugEventsDelay: 255ms
thunderbolt 0000:a4:00.0:    unknown1: 0x0 unknown4: 0x0
thunderbolt 0000:a4:00.0: initializing Switch at 0x0 (depth: 0, up port: 5)
usb 2-4: New USB device found, idVendor=046d, idProduct=c52b
usb 2-4: New USB device strings: Mfr=1, Product=2, SerialNumber=0
usb 2-4: Product: USB Receiver
usb 2-4: Manufacturer: Logitech
[drm] ring test on 5 succeeded in 2 usecs
[drm] UVD initialized successfully.
hidraw: raw HID events driver (C) Jiri Kosina
tg3 0000:0b:00.0 enp11s0: renamed from eth0
thunderbolt 0000:a4:00.0: 0: uid: 0x1000e01790f30
ata1: SATA link up 6.0 Gbps (SStatus 133 SControl 300)
thunderbolt 0000:a4:00.0:  Port 0: 8086:156d (Revision: 0, TB Version: 1, Type: Port (0x1))
thunderbolt 0000:a4:00.0:   Max hop id (in/out): 7/7
thunderbolt 0000:a4:00.0:   Max counters: 8
thunderbolt 0000:a4:00.0:   NFC Credits: 0x700000
thunderbolt 0000:a4:00.0:  Port 1: 8086:156d (Revision: 0, TB Version: 1, Type: Port (0x1))
thunderbolt 0000:a4:00.0:   Max hop id (in/out): 15/15
thunderbolt 0000:a4:00.0:   Max counters: 16
thunderbolt 0000:a4:00.0:   NFC Credits: 0x3c00000
ata1.00: ATA-8: WDC WD1002FAEX-00Y9A0, 05.01D05, max UDMA/133
ata1.00: 1953525168 sectors, multi 0: LBA48 NCQ (depth 31/32), AA
thunderbolt 0000:a4:00.0:  Port 2: 8086:156d (Revision: 0, TB Version: 1, Type: Port (0x1))
thunderbolt 0000:a4:00.0:   Max hop id (in/out): 15/15
thunderbolt 0000:a4:00.0:   Max counters: 16
thunderbolt 0000:a4:00.0:   NFC Credits: 0x3c00000
thunderbolt 0000:a4:00.0:  Port 3: 8086:156d (Revision: 0, TB Version: 1, Type: Port (0x1))
thunderbolt 0000:a4:00.0:   Max hop id (in/out): 15/15
thunderbolt 0000:a4:00.0:   Max counters: 16
thunderbolt 0000:a4:00.0:   NFC Credits: 0x3c00000
thunderbolt 0000:a4:00.0:  Port 4: 8086:156d (Revision: 0, TB Version: 1, Type: Port (0x1))
thunderbolt 0000:a4:00.0:   Max hop id (in/out): 15/15
thunderbolt 0000:a4:00.0:   Max counters: 16
thunderbolt 0000:a4:00.0:   NFC Credits: 0x3c00000
thunderbolt 0000:a4:00.0:  Port 5: 8086:156d (Revision: 0, TB Version: 1, Type: NHI (0x2))
thunderbolt 0000:a4:00.0:   Max hop id (in/out): 11/11
thunderbolt 0000:a4:00.0:   Max counters: 16
thunderbolt 0000:a4:00.0:   NFC Credits: 0xf00000
ata1.00: configured for UDMA/133
thunderbolt 0000:a4:00.0:  Port 6: 8086:156d (Revision: 0, TB Version: 1, Type: PCIe (0x100101))
thunderbolt 0000:a4:00.0:   Max hop id (in/out): 8/8
thunderbolt 0000:a4:00.0:   Max counters: 2
thunderbolt 0000:a4:00.0:   NFC Credits: 0x700000
scsi 0:0:0:0: Direct-Access     ATA      WDC WD1002FAEX-0 1D05 PQ: 0 ANSI: 5
thunderbolt 0000:a4:00.0:  Port 7: 8086:156d (Revision: 0, TB Version: 1, Type: PCIe (0x100101))
thunderbolt 0000:a4:00.0:   Max hop id (in/out): 8/8
thunderbolt 0000:a4:00.0:   Max counters: 2
thunderbolt 0000:a4:00.0:   NFC Credits: 0x700000
thunderbolt 0000:a4:00.0:  Port 8: 8086:156d (Revision: 0, TB Version: 1, Type: PCIe (0x100101))
thunderbolt 0000:a4:00.0:   Max hop id (in/out): 8/8
thunderbolt 0000:a4:00.0:   Max counters: 2
thunderbolt 0000:a4:00.0:   NFC Credits: 0x700000
sd 0:0:0:0: [sda] 1953525168 512-byte logical blocks: (1.00 TB/932 GiB)
sd 0:0:0:0: [sda] Write Protect is off
sd 0:0:0:0: [sda] Mode Sense: 00 3a 00 00
sd 0:0:0:0: [sda] Write cache: enabled, read cache: enabled, doesn't support DPO or FUA
sd 0:0:0:0: Attached scsi generic sg0 type 0
thunderbolt 0000:a4:00.0:  Port 9: 8086:156d (Revision: 0, TB Version: 1, Type: PCIe (0x100101))
thunderbolt 0000:a4:00.0:   Max hop id (in/out): 8/8
thunderbolt 0000:a4:00.0:   Max counters: 2
thunderbolt 0000:a4:00.0:   NFC Credits: 0x700000
thunderbolt 0000:a4:00.0:  Port 10: 8086:156d (Revision: 0, TB Version: 1, Type: DP/HDMI (0xe0102))
thunderbolt 0000:a4:00.0:   Max hop id (in/out): 9/9
thunderbolt 0000:a4:00.0:   Max counters: 2
thunderbolt 0000:a4:00.0:   NFC Credits: 0x700000
scsi 4:0:0:0: Direct-Access     ATA      APPLE SSD SM1024 SA0Q PQ: 0 ANSI: 5
thunderbolt 0000:a4:00.0:  Port 11: 8086:156d (Revision: 0, TB Version: 1, Type: DP/HDMI (0xe0101))
thunderbolt 0000:a4:00.0:   Max hop id (in/out): 9/9
thunderbolt 0000:a4:00.0:   Max counters: 2
thunderbolt 0000:a4:00.0:   NFC Credits: 0xf00000
thunderbolt 0000:a4:00.0:  Port 12: 8086:156d (Revision: 0, TB Version: 1, Type: DP/HDMI (0xe0101))
thunderbolt 0000:a4:00.0:   Max hop id (in/out): 9/9
thunderbolt 0000:a4:00.0:   Max counters: 2
thunderbolt 0000:a4:00.0:   NFC Credits: 0xf00000
sd 4:0:0:0: Attached scsi generic sg1 type 0
thunderbolt 0000:a4:00.0: 0:1: is unplugged (state: 7)
usbcore: registered new interface driver usbhid
usbhid: USB HID core driver
sd 4:0:0:0: [sdb] 1954210120 512-byte logical blocks: (1.00 TB/932 GiB)
sd 4:0:0:0: [sdb] 4096-byte physical blocks
thunderbolt 0000:a4:00.0: 0:3: is unplugged (state: 7)
sd 4:0:0:0: [sdb] Write Protect is off
sd 4:0:0:0: [sdb] Mode Sense: 00 3a 00 00
sd 4:0:0:0: [sdb] Write cache: enabled, read cache: enabled, doesn't support DPO or FUA
input: KINESIS FREESTYLE KB800 KB800 Kinesis Freestyle as /devices/pci0000:00/0000:00:01.0/0000:10:00.0/0000:11:01.0/0000:12:00.0/usb2/2-1/2-1:1.0/0003:058F:9410.0001/input/input3
logitech-djreceiver 0003:046D:C52B.0005: hiddev0,hidraw0: USB HID v1.11 Device [Logitech USB Receiver] on usb-0000:12:00.0-4/input2
 sdb: sdb1 sdb2
sd 4:0:0:0: [sdb] Attached SCSI disk
 sda: sda1 sda2
sd 0:0:0:0: [sda] Attached SCSI removable disk
usb 1-1.1: New USB device found, idVendor=0a5c, idProduct=4500
usb 1-1.1: New USB device strings: Mfr=1, Product=2, SerialNumber=0
usb 1-1.1: Product: BRCM20702 Hub
usb 1-1.1: Manufacturer: Apple Inc.
hub 1-1.1:1.0: USB hub found
hub 1-1.1:1.0: 3 ports detected
hid-generic 0003:058F:9410.0001: input,hidraw1: USB HID v1.10 Keyboard [KINESIS FREESTYLE KB800 KB800 Kinesis Freestyle] on usb-0000:12:00.0-1/input0
input: KINESIS FREESTYLE KB800 KB800 Kinesis Freestyle as /devices/pci0000:00/0000:00:01.0/0000:10:00.0/0000:11:01.0/0000:12:00.0/usb2/2-1/2-1:1.1/0003:058F:9410.0002/input/input4
[drm] ring test on 6 succeeded in 23 usecs
[drm] ring test on 7 succeeded in 3 usecs
[drm] VCE initialized successfully.
[drm] ib test on ring 0 succeeded in 0 usecs
[drm] ib test on ring 1 succeeded in 0 usecs
[drm] ib test on ring 2 succeeded in 0 usecs
[drm] ib test on ring 3 succeeded in 0 usecs
[drm] ib test on ring 4 succeeded in 0 usecs
hid-generic 0003:058F:9410.0002: input,hidraw2: USB HID v1.10 Device [KINESIS FREESTYLE KB800 KB800 Kinesis Freestyle] on usb-0000:12:00.0-1/input1
tsc: Refined TSC clocksource calibration: 2699.999 MHz
clocksource: tsc: mask: 0xffffffffffffffff max_cycles: 0x26eb3d7f706, max_idle_ns: 440795268188 ns
input: Logitech MX Anywhere 2 as /devices/pci0000:00/0000:00:01.0/0000:10:00.0/0000:11:01.0/0000:12:00.0/usb2/2-4/2-4:1.2/0003:046D:C52B.0005/0003:046D:4063.0006/input/input5
logitech-hidpp-device 0003:046D:4063.0006: input,hidraw3: USB HID v1.11 Keyboard [Logitech MX Anywhere 2] on usb-0000:12:00.0-4:1
usb 1-1.1.1: new full-speed USB device number 4 using ehci-pci
usb 1-1.1.1: New USB device found, idVendor=05ac, idProduct=820a
usb 1-1.1.1: New USB device strings: Mfr=0, Product=0, SerialNumber=0
input: HID 05ac:820a as /devices/pci0000:00/0000:00:1d.0/usb1/1-1/1-1.1/1-1.1.1/1-1.1.1:1.0/0003:05AC:820A.0007/input/input6
hid-generic 0003:05AC:820A.0007: input,hidraw4: USB HID v1.11 Keyboard [HID 05ac:820a] on usb-0000:00:1d.0-1.1.1/input0
usb 1-1.1.2: new full-speed USB device number 5 using ehci-pci
usb 1-1.1.2: New USB device found, idVendor=05ac, idProduct=820b
usb 1-1.1.2: New USB device strings: Mfr=0, Product=0, SerialNumber=0
input: HID 05ac:820b as /devices/pci0000:00/0000:00:1d.0/usb1/1-1/1-1.1/1-1.1.2/1-1.1.2:1.0/0003:05AC:820B.0008/input/input7
hid-generic 0003:05AC:820B.0008: input,hidraw5: USB HID v1.11 Mouse [HID 05ac:820b] on usb-0000:00:1d.0-1.1.2/input0
[drm] ib test on ring 5 succeeded
logitech-hidpp-device 0003:046D:4063.0006: HID++ 4.5 device connected.
usb 1-1.1.3: new full-speed USB device number 6 using ehci-pci
usb 1-1.1.3: New USB device found, idVendor=05ac, idProduct=828d
usb 1-1.1.3: New USB device strings: Mfr=1, Product=2, SerialNumber=0
usb 1-1.1.3: Product: Bluetooth USB Host Controller
usb 1-1.1.3: Manufacturer: Apple Inc.
clocksource: Switched to clocksource tsc
[drm] ib test on ring 6 succeeded
random: crng init done
[drm] ib test on ring 7 succeeded
[drm] Radeon Display Connectors
[drm] Connector 0:
[drm]   DP-1
[drm]   HPD1
[drm]   DDC: 0x6550 0x6550 0x6554 0x6554 0x6558 0x6558 0x655c 0x655c
[drm]   Encoders:
[drm]     DFP1: INTERNAL_UNIPHY1
[drm] Connector 1:
[drm]   DP-2
[drm]   HPD2
[drm]   DDC: 0x6560 0x6560 0x6564 0x6564 0x6568 0x6568 0x656c 0x656c
[drm]   Encoders:
[drm]     DFP2: INTERNAL_UNIPHY1
[drm] Connector 2:
[drm]   DP-3
[drm]   HPD3
[drm]   DDC: 0x6530 0x6530 0x6534 0x6534 0x6538 0x6538 0x653c 0x653c
[drm]   Encoders:
[drm]     DFP3: INTERNAL_UNIPHY2
[drm] Connector 3:
[drm]   DP-4
[drm]   HPD4
[drm]   DDC: 0x6540 0x6540 0x6544 0x6544 0x6548 0x6548 0x654c 0x654c
[drm]   Encoders:
[drm]     DFP4: INTERNAL_UNIPHY2
[drm] Connector 4:
[drm]   DP-5
[drm]   HPD5
[drm]   DDC: 0x6570 0x6570 0x6574 0x6574 0x6578 0x6578 0x657c 0x657c
[drm]   Encoders:
[drm]     DFP5: INTERNAL_UNIPHY
[drm] Connector 5:
[drm]   DP-6
[drm]   HPD6
[drm]   DDC: 0x6580 0x6580 0x6584 0x6584 0x6588 0x6588 0x658c 0x658c
[drm]   Encoders:
[drm]     DFP6: INTERNAL_UNIPHY
[drm] fb mappable at 0x905D8000
[drm] vram apper at 0x90000000
[drm] size 33177600
[drm] fb depth is 24
[drm]    pitch is 15360
fbcon: radeondrmfb (fb0) is primary device
Console: switching to colour frame buffer device 480x135
radeon 0000:06:00.0: fb0: radeondrmfb frame buffer device
[drm] Initialized radeon 2.50.0 20080528 for 0000:06:00.0 on minor 0
[drm] amdgpu kernel modesetting enabled.
AMD IOMMUv2 driver by Joerg Roedel <jroedel@suse.de>
AMD IOMMUv2 functionality not available on this system
CRAT table not found
Finished initializing topology ret=0
kfd kfd: Initialized module
amdgpu 0000:02:00.0: enabling device (0006 -> 0007)
amdgpu 0000:02:00.0: SI support provided by radeon.
amdgpu 0000:02:00.0: Use radeon.si_support=0 amdgpu.si_support=1 to override.
raid6: sse2x1   gen()  8689 MB/s
raid6: sse2x1   xor()  6361 MB/s
raid6: sse2x2   gen() 10502 MB/s
raid6: sse2x2   xor()  7057 MB/s
raid6: sse2x4   gen() 12572 MB/s
raid6: sse2x4   xor()  8535 MB/s
raid6: using algorithm sse2x4 gen() 12572 MB/s
raid6: .... xor() 8535 MB/s, rmw enabled
raid6: using ssse3x2 recovery algorithm
xor: automatically using best checksumming function   avx       
Btrfs loaded, crc32c=crc32c-intel
EXT4-fs (sda2): mounted filesystem with ordered data mode. Opts: (null)
ip_tables: (C) 2000-2006 Netfilter Core Team
systemd[1]: systemd 237 running in system mode. (+PAM +AUDIT +SELINUX +IMA +APPARMOR +SMACK +SYSVINIT +UTMP +LIBCRYPTSETUP +GCRYPT +GNUTLS +ACL +XZ +LZ4 +SECCOMP +BLKID +ELFUTILS +KMOD -IDN2 +IDN -PCRE2 default-hierarchy=hybrid)
systemd[1]: Detected architecture x86-64.
systemd[1]: Set hostname to <lindad-DayDream>.
systemd[1]: Started Forward Password Requests to Wall Directory Watch.
systemd[1]: Reached target User and Group Name Lookups.
systemd[1]: Reached target Remote File Systems.
systemd[1]: Reached target System Time Synchronized.
systemd[1]: Created slice User and Session Slice.
systemd[1]: Set up automount Arbitrary Executable File Formats File System Automount Point.
systemd[1]: Created slice System Slice.
EXT4-fs (sda2): re-mounted. Opts: errors=remount-ro
systemd-journald[507]: Received request to flush runtime journal from PID 1
lp: driver loaded but no devices found
ppdev: user-space parallel port driver
amdgpu 0000:02:00.0: SI support provided by radeon.
amdgpu 0000:02:00.0: Use radeon.si_support=0 amdgpu.si_support=1 to override.
amdgpu 0000:02:00.0: SI support provided by radeon.
amdgpu 0000:02:00.0: Use radeon.si_support=0 amdgpu.si_support=1 to override.
amdgpu 0000:02:00.0: SI support provided by radeon.
amdgpu 0000:02:00.0: Use radeon.si_support=0 amdgpu.si_support=1 to override.
Adding 2097148k swap on /swapfile.  Priority:-2 extents:6 across:2260988k FS
radeon_dp_aux_transfer_native: 620 callbacks suppressed
mei_me 0000:00:16.0: can't derive routing for PCI INT A
mei_me 0000:00:16.0: PCI INT A: no GSI
amdgpu 0000:02:00.0: SI support provided by radeon.
amdgpu 0000:02:00.0: Use radeon.si_support=0 amdgpu.si_support=1 to override.
amdgpu 0000:02:00.0: SI support provided by radeon.
amdgpu 0000:02:00.0: Use radeon.si_support=0 amdgpu.si_support=1 to override.
dca service started, version 1.12.1
shpchp: Standard Hot Plug PCI Controller Driver version: 0.4
applesmc: key=770 fan=1 temp=111 index=104 acc=1 lux=0 kbd=0
amdgpu 0000:02:00.0: SI support provided by radeon.
amdgpu 0000:02:00.0: Use radeon.si_support=0 amdgpu.si_support=1 to override.
input: applesmc as /devices/platform/applesmc.768/input/input8
applesmc applesmc.768: hwmon_device_register() is deprecated. Please convert the driver to use hwmon_device_register_with_info().
RAPL PMU: API unit is 2^-32 Joules, 3 fixed counters, 163840 ms ovfl timer
RAPL PMU: hw unit of domain pp0-core 2^-16 Joules
RAPL PMU: hw unit of domain package 2^-16 Joules
RAPL PMU: hw unit of domain dram 2^-16 Joules
ioatdma: Intel(R) QuickData Technology Driver 4.00
ioatdma 0000:00:04.0: enabling device (0000 -> 0002)
amdgpu 0000:02:00.0: SI support provided by radeon.
amdgpu 0000:02:00.0: Use radeon.si_support=0 amdgpu.si_support=1 to override.
ioatdma 0000:00:04.1: enabling device (0000 -> 0002)
amdgpu 0000:02:00.0: SI support provided by radeon.
amdgpu 0000:02:00.0: Use radeon.si_support=0 amdgpu.si_support=1 to override.
ioatdma 0000:00:04.2: enabling device (0000 -> 0002)
amdgpu 0000:02:00.0: SI support provided by radeon.
amdgpu 0000:02:00.0: Use radeon.si_support=0 amdgpu.si_support=1 to override.
ioatdma 0000:00:04.3: enabling device (0000 -> 0002)
amdgpu 0000:02:00.0: SI support provided by radeon.
amdgpu 0000:02:00.0: Use radeon.si_support=0 amdgpu.si_support=1 to override.
ioatdma 0000:00:04.4: enabling device (0000 -> 0002)
amdgpu 0000:02:00.0: SI support provided by radeon.
amdgpu 0000:02:00.0: Use radeon.si_support=0 amdgpu.si_support=1 to override.
ioatdma 0000:00:04.5: enabling device (0000 -> 0002)
amdgpu 0000:02:00.0: SI support provided by radeon.
amdgpu 0000:02:00.0: Use radeon.si_support=0 amdgpu.si_support=1 to override.
ioatdma 0000:00:04.6: enabling device (0000 -> 0002)
amdgpu 0000:02:00.0: SI support provided by radeon.
amdgpu 0000:02:00.0: Use radeon.si_support=0 amdgpu.si_support=1 to override.
ioatdma 0000:00:04.7: enabling device (0000 -> 0002)
amdgpu 0000:02:00.0: SI support provided by radeon.
amdgpu 0000:02:00.0: Use radeon.si_support=0 amdgpu.si_support=1 to override.
apple_gmux: Found gmux version 4.0.11 [indexed]
WARNING: CPU: 16 PID: 535 at /build/linux-5s7Xkn/linux-4.15.0/drivers/platform/x86/apple-gmux.c:683 gmux_probe+0x57a/0x6c0 [apple_gmux]
